Component: ARM Compiler 5.06 update 5 (build 528) Tool: armlink [4d35e2]

==============================================================================

Section Cross References

    startup_stm32f103xb.o(RESET) refers to startup_stm32f103xb.o(STACK) for __initial_sp
    startup_stm32f103xb.o(RESET) refers to startup_stm32f103xb.o(.text) for Reset_Handler
    startup_stm32f103xb.o(RESET) refers to stm32f1xx_it.o(i.NMI_Handler) for NMI_Handler
    startup_stm32f103xb.o(RESET) refers to stm32f1xx_it.o(i.HardFault_Handler) for HardFault_Handler
    startup_stm32f103xb.o(RESET) refers to stm32f1xx_it.o(i.MemManage_Handler) for MemManage_Handler
    startup_stm32f103xb.o(RESET) refers to stm32f1xx_it.o(i.BusFault_Handler) for BusFault_Handler
    startup_stm32f103xb.o(RESET) refers to stm32f1xx_it.o(i.UsageFault_Handler) for UsageFault_Handler
    startup_stm32f103xb.o(RESET) refers to port.o(.emb_text) for SVC_Handler
    startup_stm32f103xb.o(RESET) refers to stm32f1xx_it.o(i.DebugMon_Handler) for DebugMon_Handler
    startup_stm32f103xb.o(RESET) refers to port.o(i.SysTick_Handler) for SysTick_Handler
    startup_stm32f103xb.o(RESET) refers to stm32f1xx_it.o(i.TIM4_IRQHandler) for TIM4_IRQHandler
    startup_stm32f103xb.o(RESET) refers to stm32f1xx_it.o(i.EXTI15_10_IRQHandler) for EXTI15_10_IRQHandler
    startup_stm32f103xb.o(.text) refers to system_stm32f1xx.o(i.SystemInit) for SystemInit
    startup_stm32f103xb.o(.text) refers to entry.o(.ARM.Collect$$$$00000000) for __main
    main.o(i.HAL_TIM_PeriodElapsedCallback) refers to stm32f1xx_hal.o(i.HAL_IncTick) for HAL_IncTick
    main.o(i.SystemClock_Config) refers to memseta.o(.text) for __aeabi_memclr4
    main.o(i.SystemClock_Config) refers to stm32f1xx_hal_rcc.o(i.HAL_RCC_OscConfig) for HAL_RCC_OscConfig
    main.o(i.SystemClock_Config) refers to stm32f1xx_hal_rcc.o(i.HAL_RCC_ClockConfig) for HAL_RCC_ClockConfig
    main.o(i.SystemClock_Config) refers to stm32f1xx_hal_rcc_ex.o(i.HAL_RCCEx_PeriphCLKConfig) for HAL_RCCEx_PeriphCLKConfig
    main.o(i.main) refers to stm32f1xx_hal.o(i.HAL_Init) for HAL_Init
    main.o(i.main) refers to main.o(i.SystemClock_Config) for SystemClock_Config
    main.o(i.main) refers to gpio.o(i.MX_GPIO_Init) for MX_GPIO_Init
    main.o(i.main) refers to i2c.o(i.MX_I2C1_Init) for MX_I2C1_Init
    main.o(i.main) refers to adc.o(i.MX_ADC1_Init) for MX_ADC1_Init
    main.o(i.main) refers to spi.o(i.MX_SPI1_Init) for MX_SPI1_Init
    main.o(i.main) refers to usb.o(i.MX_USB_PCD_Init) for MX_USB_PCD_Init
    main.o(i.main) refers to tim.o(i.MX_TIM1_Init) for MX_TIM1_Init
    main.o(i.main) refers to tim.o(i.MX_TIM2_Init) for MX_TIM2_Init
    main.o(i.main) refers to tim.o(i.MX_TIM3_Init) for MX_TIM3_Init
    main.o(i.main) refers to usart.o(i.MX_USART1_UART_Init) for MX_USART1_UART_Init
    main.o(i.main) refers to cmsis_os2.o(i.osKernelInitialize) for osKernelInitialize
    main.o(i.main) refers to freertos.o(i.MX_FREERTOS_Init) for MX_FREERTOS_Init
    main.o(i.main) refers to cmsis_os2.o(i.osKernelStart) for osKernelStart
    gpio.o(i.MX_GPIO_Init) refers to stm32f1xx_hal_gpio.o(i.HAL_GPIO_WritePin) for HAL_GPIO_WritePin
    gpio.o(i.MX_GPIO_Init) refers to stm32f1xx_hal_gpio.o(i.HAL_GPIO_Init) for HAL_GPIO_Init
    gpio.o(i.MX_GPIO_Init) refers to stm32f1xx_hal_cortex.o(i.HAL_NVIC_SetPriority) for HAL_NVIC_SetPriority
    gpio.o(i.MX_GPIO_Init) refers to stm32f1xx_hal_cortex.o(i.HAL_NVIC_EnableIRQ) for HAL_NVIC_EnableIRQ
    freertos.o(i.MX_FREERTOS_Init) refers to cmsis_os2.o(i.osThreadNew) for osThreadNew
    freertos.o(i.MX_FREERTOS_Init) refers to tasks.o(i.xTaskCreate) for xTaskCreate
    freertos.o(i.MX_FREERTOS_Init) refers to freertos.o(.constdata) for .constdata
    freertos.o(i.MX_FREERTOS_Init) refers to freertos.o(i.StartDefaultTask) for StartDefaultTask
    freertos.o(i.MX_FREERTOS_Init) refers to freertos.o(.data) for .data
    freertos.o(i.MX_FREERTOS_Init) refers to freertos.o(i.MyTask) for MyTask
    freertos.o(i.MyTask) refers to driver_led.o(i.Led_Test) for Led_Test
    freertos.o(i.StartDefaultTask) refers to driver_lcd.o(i.LCD_Init) for LCD_Init
    freertos.o(i.StartDefaultTask) refers to driver_lcd.o(i.LCD_Clear) for LCD_Clear
    freertos.o(i.StartDefaultTask) refers to driver_lcd.o(i.LCD_Test) for LCD_Test
    freertos.o(.constdata) refers to freertos.o(.conststring) for .conststring
    adc.o(i.HAL_ADC_MspDeInit) refers to stm32f1xx_hal_gpio.o(i.HAL_GPIO_DeInit) for HAL_GPIO_DeInit
    adc.o(i.HAL_ADC_MspInit) refers to stm32f1xx_hal_gpio.o(i.HAL_GPIO_Init) for HAL_GPIO_Init
    adc.o(i.MX_ADC1_Init) refers to stm32f1xx_hal_adc.o(i.HAL_ADC_Init) for HAL_ADC_Init
    adc.o(i.MX_ADC1_Init) refers to main.o(i.Error_Handler) for Error_Handler
    adc.o(i.MX_ADC1_Init) refers to stm32f1xx_hal_adc.o(i.HAL_ADC_ConfigChannel) for HAL_ADC_ConfigChannel
    adc.o(i.MX_ADC1_Init) refers to adc.o(.bss) for .bss
    i2c.o(i.HAL_I2C_MspDeInit) refers to stm32f1xx_hal_gpio.o(i.HAL_GPIO_DeInit) for HAL_GPIO_DeInit
[...]
    i.HAL_TIM_Base_Init                      0x080016a4   Section        0  stm32f1xx_hal_tim.o(i.HAL_TIM_Base_Init)
    i.HAL_TIM_Base_MspInit                   0x08001700   Section        0  tim.o(i.HAL_TIM_Base_MspInit)
    i.HAL_TIM_Base_Start_IT                  0x0800173c   Section        0  stm32f1xx_hal_tim.o(i.HAL_TIM_Base_Start_IT)
    i.HAL_TIM_ConfigClockSource              0x08001794   Section        0  stm32f1xx_hal_tim.o(i.HAL_TIM_ConfigClockSource)
    i.HAL_TIM_IC_CaptureCallback             0x08001870   Section        0  stm32f1xx_hal_tim.o(i.HAL_TIM_IC_CaptureCallback)
    i.HAL_TIM_IRQHandler                     0x08001872   Section        0  stm32f1xx_hal_tim.o(i.HAL_TIM_IRQHandler)
    i.HAL_TIM_MspPostInit                    0x080019d8   Section        0  tim.o(i.HAL_TIM_MspPostInit)
    i.HAL_TIM_OC_DelayElapsedCallback        0x08001ac4   Section        0  stm32f1xx_hal_tim.o(i.HAL_TIM_OC_DelayElapsedCallback)
    i.HAL_TIM_PWM_ConfigChannel              0x08001ac6   Section        0  stm32f1xx_hal_tim.o(i.HAL_TIM_PWM_ConfigChannel)
    i.HAL_TIM_PWM_Init                       0x08001b92   Section        0  stm32f1xx_hal_tim.o(i.HAL_TIM_PWM_Init)
    i.HAL_TIM_PWM_MspInit                    0x08001bec   Section        0  tim.o(i.HAL_TIM_PWM_MspInit)
    i.HAL_TIM_PWM_PulseFinishedCallback      0x08001c14   Section        0  stm32f1xx_hal_tim.o(i.HAL_TIM_PWM_PulseFinishedCallback)
    i.HAL_TIM_PeriodElapsedCallback          0x08001c18   Section        0  main.o(i.HAL_TIM_PeriodElapsedCallback)
    i.HAL_TIM_TriggerCallback                0x08001c2c   Section        0  stm32f1xx_hal_tim.o(i.HAL_TIM_TriggerCallback)
    i.HAL_UART_Init                          0x08001c2e   Section        0  stm32f1xx_hal_uart.o(i.HAL_UART_Init)
    i.HAL_UART_MspInit                       0x08001c94   Section        0  usart.o(i.HAL_UART_MspInit)
    i.HardFault_Handler                      0x08001d04   Section        0  stm32f1xx_it.o(i.HardFault_Handler)
    i.I2C_IsAcknowledgeFailed                0x08001d06   Section        0  stm32f1xx_hal_i2c.o(i.I2C_IsAcknowledgeFailed)
    I2C_IsAcknowledgeFailed                  0x08001d07   Thumb Code    46  stm32f1xx_hal_i2c.o(i.I2C_IsAcknowledgeFailed)
    i.I2C_MasterRequestWrite                 0x08001d34   Section        0  stm32f1xx_hal_i2c.o(i.I2C_MasterRequestWrite)
    I2C_MasterRequestWrite                   0x08001d35   Thumb Code   150  stm32f1xx_hal_i2c.o(i.I2C_MasterRequestWrite)
    i.I2C_RequestMemoryWrite                 0x08001dd0   Section        0  stm32f1xx_hal_i2c.o(i.I2C_RequestMemoryWrite)
    I2C_RequestMemoryWrite                   0x08001dd1   Thumb Code   162  stm32f1xx_hal_i2c.o(i.I2C_RequestMemoryWrite)
    i.I2C_WaitOnBTFFlagUntilTimeout          0x08001e78   Section        0  stm32f1xx_hal_i2c.o(i.I2C_WaitOnBTFFlagUntilTimeout)
    I2C_WaitOnBTFFlagUntilTimeout            0x08001e79   Thumb Code    86  stm32f1xx_hal_i2c.o(i.I2C_WaitOnBTFFlagUntilTimeout)
    i.I2C_WaitOnFlagUntilTimeout             0x08001ed0   Section        0  stm32f1xx_hal_i2c.o(i.I2C_WaitOnFlagUntilTimeout)
    I2C_WaitOnFlagUntilTimeout               0x08001ed1   Thumb Code   144  stm32f1xx_hal_i2c.o(i.I2C_WaitOnFlagUntilTimeout)
    i.I2C_WaitOnMasterAddressFlagUntilTimeout 0x08001f60   Section        0  stm32f1xx_hal_i2c.o(i.I2C_WaitOnMasterAddressFlagUntilTimeout)
    I2C_WaitOnMasterAddressFlagUntilTimeout  0x08001f61   Thumb Code   188  stm32f1xx_hal_i2c.o(i.I2C_WaitOnMasterAddressFlagUntilTimeout)
    i.I2C_WaitOnTXEFlagUntilTimeout          0x0800201c   Section        0  stm32f1xx_hal_i2c.o(i.I2C_WaitOnTXEFlagUntilTimeout)
    I2C_WaitOnTXEFlagUntilTimeout            0x0800201d   Thumb Code    86  stm32f1xx_hal_i2c.o(i.I2C_WaitOnTXEFlagUntilTimeout)
    i.IRReceiver_IRQTimes_Parse              0x08002074   Section        0  driver_ir_receiver.o(i.IRReceiver_IRQTimes_Parse)
    IRReceiver_IRQTimes_Parse                0x08002075   Thumb Code   260  driver_ir_receiver.o(i.IRReceiver_IRQTimes_Parse)
    i.IRReceiver_IRQ_Callback                0x08002194   Section        0  driver_ir_receiver.o(i.IRReceiver_IRQ_Callback)
    i.LCD_Clear                              0x0800224c   Section        0  driver_lcd.o(i.LCD_Clear)
    i.LCD_Init                               0x08002250   Section        0  driver_lcd.o(i.LCD_Init)
    i.LCD_Test                               0x08002254   Section        0  driver_lcd.o(i.LCD_Test)
    i.Led_Control                            0x08002258   Section        0  driver_led.o(i.Led_Control)
    i.Led_Init                               0x08002278   Section        0  driver_led.o(i.Led_Init)
    i.Led_Test                               0x080022cc   Section        0  driver_led.o(i.Led_Test)
    i.MX_ADC1_Init                           0x080022f4   Section        0  adc.o(i.MX_ADC1_Init)
    i.MX_FREERTOS_Init                       0x08002344   Section        0  freertos.o(i.MX_FREERTOS_Init)
    i.MX_GPIO_Init                           0x08002388   Section        0  gpio.o(i.MX_GPIO_Init)
    i.MX_I2C1_Init                           0x080024d8   Section        0  i2c.o(i.MX_I2C1_Init)
    i.MX_SPI1_Init                           0x08002518   Section        0  spi.o(i.MX_SPI1_Init)
    i.MX_TIM1_Init                           0x08002560   Section        0  tim.o(i.MX_TIM1_Init)
    i.MX_TIM2_Init                           0x08002630   Section        0  tim.o(i.MX_TIM2_Init)
    i.MX_TIM3_Init                           0x080026ec   Section        0  tim.o(i.MX_TIM3_Init)
    i.MX_USART1_UART_Init                    0x08002764   Section        0  usart.o(i.MX_USART1_UART_Init)
    i.MX_USB_PCD_Init                        0x0800279c   Section        0  usb.o(i.MX_USB_PCD_Init)
    i.MemManage_Handler                      0x080027d0   Section        0  stm32f1xx_it.o(i.MemManage_Handler)
    i.MyTask                                 0x080027d2   Section        0  freertos.o(i.MyTask)
    i.NMI_Handler                            0x080027d8   Section        0  stm32f1xx_it.o(i.NMI_Handler)
    i.OLED_Clear                             0x080027da   Section        0  driver_oled.o(i.OLED_Clear)
    i.OLED_Init                              0x08002804   Section        0  driver_oled.o(i.OLED_Init)
    i.OLED_PrintSignedVal                    0x08002898   Section        0  driver_oled.o(i.OLED_PrintSignedVal)
    i.OLED_PrintString                       0x08002916   Section        0  driver_oled.o(i.OLED_PrintString)
    i.OLED_PutChar                           0x08002948   Section        0  driver_oled.o(i.OLED_PutChar)
    i.OLED_SetComConfig                      0x08002990   Section        0  driver_oled.o(i.OLED_SetComConfig)
    OLED_SetComConfig                        0x08002991   Thumb Code    44  driver_oled.o(i.OLED_SetComConfig)
    i.OLED_SetPosition                       0x080029bc   Section        0  driver_oled.o(i.OLED_SetPosition)
    i.OLED_Test                              0x080029fc   Section        0  driver_oled.o(i.OLED_Test)
    i.OLED_WriteCmd                          0x08002a48   Section        0  driver_oled.o(i.OLED_WriteCmd)
    OLED_WriteCmd                            0x08002a49   Thumb Code    34  driver_oled.o(i.OLED_WriteCmd)
    i.OLED_WriteNBytes                       0x08002a70   Section        0  driver_oled.o(i.OLED_WriteNBytes)
    OLED_WriteNBytes                         0x08002a71   Thumb Code    26  driver_oled.o(i.OLED_WriteNBytes)
    i.PutKeyToBuf                            0x08002a90   Section        0  driver_ir_receiver.o(i.PutKeyToBuf)
    PutKeyToBuf                              0x08002a91   Thumb Code    36  driver_ir_receiver.o(i.PutKeyToBuf)
    i.RotaryEncoder_IRQ_Callback             0x08002abc   Section        0  driver_rotary_encoder.o(i.RotaryEncoder_IRQ_Callback)
    i.StartDefaultTask                       0x08002b28   Section        0  freertos.o(i.StartDefaultTask)
    i.SysTick_Handler                        0x08002b38   Section        0  port.o(i.SysTick_Handler)
    i.SystemClock_Config                     0x08002b64   Section        0  main.o(i.SystemClock_Config)
    i.SystemInit                             0x08002be0   Section        0  system_stm32f1xx.o(i.SystemInit)
    i.TIM4_IRQHandler                        0x08002be4   Section        0  stm32f1xx_it.o(i.TIM4_IRQHandler)
    i.TIM_Base_SetConfig                     0x08002bf0   Section        0  stm32f1xx_hal_tim.o(i.TIM_Base_SetConfig)
    i.TIM_ETR_SetConfig                      0x08002c5c   Section        0  stm32f1xx_hal_tim.o(i.TIM_ETR_SetConfig)
    i.TIM_ITRx_SetConfig                     0x08002c70   Section        0  stm32f1xx_hal_tim.o(i.TIM_ITRx_SetConfig)
    TIM_ITRx_SetConfig                       0x08002c71   Thumb Code    16  stm32f1xx_hal_tim.o(i.TIM_ITRx_SetConfig)
    i.TIM_OC1_SetConfig                      0x08002c80   Section        0  stm32f1xx_hal_tim.o(i.TIM_OC1_SetConfig)
    TIM_OC1_SetConfig                        0x08002c81   Thumb Code    74  stm32f1xx_hal_tim.o(i.TIM_OC1_SetConfig)
    i.TIM_OC2_SetConfig                      0x08002cd0   Section        0  stm32f1xx_hal_tim.o(i.TIM_OC2_SetConfig)
    i.TIM_OC3_SetConfig                      0x08002d28   Section        0  stm32f1xx_hal_tim.o(i.TIM_OC3_SetConfig)
    TIM_OC3_SetConfig                        0x08002d29   Thumb Code    82  stm32f1xx_hal_tim.o(i.TIM_OC3_SetConfig)
    i.TIM_OC4_SetConfig                      0x08002d80   Section        0  stm32f1xx_hal_tim.o(i.TIM_OC4_SetConfig)
    TIM_OC4_SetConfig                        0x08002d81   Thumb Code    64  stm32f1xx_hal_tim.o(i.TIM_OC4_SetConfig)
    i.TIM_TI1_ConfigInputStage               0x08002dc4   Section        0  stm32f1xx_hal_tim.o(i.TIM_TI1_ConfigInputStage)
    TIM_TI1_ConfigInputStage                 0x08002dc5   Thumb Code    34  stm32f1xx_hal_tim.o(i.TIM_TI1_ConfigInputStage)
    i.TIM_TI2_ConfigInputStage               0x08002de6   Section        0  stm32f1xx_hal_tim.o(i.TIM_TI2_ConfigInputStage)
    TIM_TI2_ConfigInputStage                 0x08002de7   Thumb Code    36  stm32f1xx_hal_tim.o(i.TIM_TI2_ConfigInputStage)
    i.UART_SetConfig                         0x08002e0c   Section        0  stm32f1xx_hal_uart.o(i.UART_SetConfig)
    UART_SetConfig                           0x08002e0d   Thumb Code   178  stm32f1xx_hal_uart.o(i.UART_SetConfig)
    i.USB_CoreInit                           0x08002ec4   Section        0  stm32f1xx_ll_usb.o(i.USB_CoreInit)
    i.USB_DevDisconnect                      0x08002ec8   Section        0  stm32f1xx_ll_usb.o(i.USB_DevDisconnect)
    i.USB_DevInit                            0x08002ecc   Section        0  stm32f1xx_ll_usb.o(i.USB_DevInit)
    i.USB_DisableGlobalInt                   0x08002ede   Section        0  stm32f1xx_ll_usb.o(i.USB_DisableGlobalInt)
    i.USB_SetCurrentMode                     0x08002eec   Section        0  stm32f1xx_ll_usb.o(i.USB_SetCurrentMode)
    i.UsageFault_Handler                     0x08002ef0   Section        0  stm32f1xx_it.o(i.UsageFault_Handler)
    i.__NVIC_SetPriority                     0x08002ef2   Section        0  stm32f1xx_hal_cortex.o(i.__NVIC_SetPriority)
    __NVIC_SetPriority                       0x08002ef3   Thumb Code    32  stm32f1xx_hal_cortex.o(i.__NVIC_SetPriority)
    i.__scatterload_copy                     0x08002f12   Section       14  handlers.o(i.__scatterload_copy)
    i.__scatterload_null                     0x08002f20   Section        2  handlers.o(i.__scatterload_null)
    i.__scatterload_zeroinit                 0x08002f22   Section       14  handlers.o(i.__scatterload_zeroinit)
    i.add                                    0x08002f30   Section        0  driver_oled.o(i.add)
    i.main                                   0x08002f3e   Section        0  main.o(i.main)
    i.mdelay                                 0x08002f78   Section        0  driver_timer.o(i.mdelay)
    i.osKernelInitialize                     0x08002f94   Section        0  cmsis_os2.o(i.osKernelInitialize)
    i.osKernelStart                          0x08002fcc   Section        0  cmsis_os2.o(i.osKernelStart)
    i.osThreadNew                            0x0800300c   Section        0  cmsis_os2.o(i.osThreadNew)
    i.prvAddCurrentTaskToDelayedList         0x080030b0   Section        0  tasks.o(i.prvAddCurrentTaskToDelayedList)
    prvAddCurrentTaskToDelayedList           0x080030b1   Thumb Code    84  tasks.o(i.prvAddCurrentTaskToDelayedList)
    i.prvAddNewTaskToReadyList               0x0800310c   Section        0  tasks.o(i.prvAddNewTaskToReadyList)
    prvAddNewTaskToReadyList                 0x0800310d   Thumb Code   190  tasks.o(i.prvAddNewTaskToReadyList)
    i.prvCheckForValidListAndQueue           0x080031dc   Section        0  timers.o(i.prvCheckForValidListAndQueue)
    prvCheckForValidListAndQueue             0x080031dd   Thumb Code    72  timers.o(i.prvCheckForValidListAndQueue)
    i.prvCopyDataFromQueue                   0x08003234   Section        0  queue.o(i.prvCopyDataFromQueue)
    prvCopyDataFromQueue                     0x08003235   Thumb Code    38  queue.o(i.prvCopyDataFromQueue)
    i.prvCopyDataToQueue                     0x0800325a   Section        0  queue.o(i.prvCopyDataToQueue)
    prvCopyDataToQueue                       0x0800325b   Thumb Code   108  queue.o(i.prvCopyDataToQueue)
    i.prvDeleteTCB                           0x080032c6   Section        0  tasks.o(i.prvDeleteTCB)
    prvDeleteTCB                             0x080032c7   Thumb Code    52  tasks.o(i.prvDeleteTCB)
    i.prvHeapInit                            0x080032fc   Section        0  heap_4.o(i.prvHeapInit)
    prvHeapInit                              0x080032fd   Thumb Code    66  heap_4.o(i.prvHeapInit)
    i.prvIdleTask                            0x08003348   Section        0  tasks.o(i.prvIdleTask)
    prvIdleTask                              0x08003349   Thumb Code    82  tasks.o(i.prvIdleTask)
    i.prvInitialiseNewQueue                  0x080033a8   Section        0  queue.o(i.prvInitialiseNewQueue)
    prvInitialiseNewQueue                    0x080033a9   Thumb Code    34  queue.o(i.prvInitialiseNewQueue)
    i.prvInitialiseNewTask                   0x080033ca   Section        0  tasks.o(i.prvInitialiseNewTask)
    prvInitialiseNewTask                     0x080033cb   Thumb Code   156  tasks.o(i.prvInitialiseNewTask)
    i.prvInsertBlockIntoFreeList             0x08003468   Section        0  heap_4.o(i.prvInsertBlockIntoFreeList)
    prvInsertBlockIntoFreeList               0x08003469   Thumb Code    72  heap_4.o(i.prvInsertBlockIntoFreeList)
    i.prvInsertTimerInActiveList             0x080034b4   Section        0  timers.o(i.prvInsertTimerInActiveList)
    prvInsertTimerInActiveList               0x080034b5   Thumb Code    52  timers.o(i.prvInsertTimerInActiveList)
    i.prvIsQueueEmpty                        0x080034ec   Section        0  queue.o(i.prvIsQueueEmpty)
    prvIsQueueEmpty                          0x080034ed   Thumb Code    28  queue.o(i.prvIsQueueEmpty)
    i.prvProcessReceivedCommands             0x08003508   Section        0  timers.o(i.prvProcessReceivedCommands)
    prvProcessReceivedCommands               0x08003509   Thumb Code   198  timers.o(i.prvProcessReceivedCommands)
    i.prvProcessTimerOrBlockTask             0x080035d4   Section        0  timers.o(i.prvProcessTimerOrBlockTask)
    prvProcessTimerOrBlockTask               0x080035d5   Thumb Code   172  timers.o(i.prvProcessTimerOrBlockTask)
    i.prvResetNextTaskUnblockTime            0x08003688   Section        0  tasks.o(i.prvResetNextTaskUnblockTime)
    prvResetNextTaskUnblockTime              0x08003689   Thumb Code    26  tasks.o(i.prvResetNextTaskUnblockTime)
    i.prvSampleTimeNow                       0x080036a8   Section        0  timers.o(i.prvSampleTimeNow)
    prvSampleTimeNow                         0x080036a9   Thumb Code    36  timers.o(i.prvSampleTimeNow)
    i.prvSwitchTimerLists                    0x080036d0   Section        0  timers.o(i.prvSwitchTimerLists)
    prvSwitchTimerLists                      0x080036d1   Thumb Code   102  timers.o(i.prvSwitchTimerLists)
    i.prvTaskExitError                       0x0800373c   Section        0  port.o(i.prvTaskExitError)
    prvTaskExitError                         0x0800373d   Thumb Code    36  port.o(i.prvTaskExitError)
    i.prvTimerTask                           0x08003764   Section        0  timers.o(i.prvTimerTask)
    prvTimerTask                             0x08003765   Thumb Code    32  timers.o(i.prvTimerTask)
    i.prvUnlockQueue                         0x08003788   Section        0  queue.o(i.prvUnlockQueue)
    prvUnlockQueue                           0x08003789   Thumb Code   106  queue.o(i.prvUnlockQueue)
    i.pvPortMalloc                           0x080037f4   Section        0  heap_4.o(i.pvPortMalloc)
    i.pxPortInitialiseStack                  0x080038cc   Section        0  port.o(i.pxPortInitialiseStack)
    i.system_get_ns                          0x080038f0   Section        0  driver_timer.o(i.system_get_ns)
    i.udelay                                 0x08003934   Section        0  driver_timer.o(i.udelay)
    i.uxListRemove                           0x0800396c   Section        0  list.o(i.uxListRemove)
    i.vApplicationGetIdleTaskMemory          0x08003994   Section        0  cmsis_os2.o(i.vApplicationGetIdleTaskMemory)
    i.vApplicationGetTimerTaskMemory         0x080039a8   Section        0  cmsis_os2.o(i.vApplicationGetTimerTaskMemory)
    i.vListInitialise                        0x080039c0   Section        0  list.o(i.vListInitialise)
    i.vListInitialiseItem                    0x080039d6   Section        0  list.o(i.vListInitialiseItem)
    i.vListInsert                            0x080039dc   Section        0  list.o(i.vListInsert)
    i.vListInsertEnd                         0x08003a0c   Section        0  list.o(i.vListInsertEnd)
    i.vPortEnterCritical                     0x08003a24   Section        0  port.o(i.vPortEnterCritical)
    i.vPortExitCritical                      0x08003a64   Section        0  port.o(i.vPortExitCritical)
    i.vPortFree                              0x08003a8c   Section        0  heap_4.o(i.vPortFree)
    i.vPortSetupTimerInterrupt               0x08003ae8   Section        0  port.o(i.vPortSetupTimerInterrupt)
    i.vPortValidateInterruptPriority         0x08003b0c   Section        0  port.o(i.vPortValidateInterruptPriority)
    i.vQueueAddToRegistry                    0x08003b60   Section        0  queue.o(i.vQueueAddToRegistry)
    i.vQueueWaitForMessageRestricted         0x08003b88   Section        0  queue.o(i.vQueueWaitForMessageRestricted)
    i.vTaskInternalSetTimeOutState           0x08003bcc   Section        0  tasks.o(i.vTaskInternalSetTimeOutState)
    i.vTaskMissedYield                       0x08003bdc   Section        0  tasks.o(i.vTaskMissedYield)
    i.vTaskPlaceOnEventList                  0x08003be8   Section        0  tasks.o(i.vTaskPlaceOnEventList)
    i.vTaskPlaceOnEventListRestricted        0x08003c18   Section        0  tasks.o(i.vTaskPlaceOnEventListRestricted)
    i.vTaskStartScheduler                    0x08003c50   Section        0  tasks.o(i.vTaskStartScheduler)
    i.vTaskSuspendAll                        0x08003cd8   Section        0  tasks.o(i.vTaskSuspendAll)
    i.vTaskSwitchContext                     0x08003ce8   Section        0  tasks.o(i.vTaskSwitchContext)
    i.xPortStartScheduler                    0x08003d4c   Section        0  port.o(i.xPortStartScheduler)
    i.xQueueGenericCreateStatic              0x08003df4   Section        0  queue.o(i.xQueueGenericCreateStatic)
    i.xQueueGenericReset                     0x08003e5c   Section        0  queue.o(i.xQueueGenericReset)
    i.xQueueGenericSend                      0x08003ee4   Section        0  queue.o(i.xQueueGenericSend)
    i.xQueueGenericSendFromISR               0x08004044   Section        0  queue.o(i.xQueueGenericSendFromISR)
    i.xQueueReceive                          0x08004100   Section        0  queue.o(i.xQueueReceive)
    i.xTaskCheckForTimeOut                   0x08004238   Section        0  tasks.o(i.xTaskCheckForTimeOut)
    i.xTaskCreate                            0x080042ac   Section        0  tasks.o(i.xTaskCreate)
    i.xTaskCreateStatic                      0x08004306   Section        0  tasks.o(i.xTaskCreateStatic)
    i.xTaskGetSchedulerState                 0x0800435c   Section        0  tasks.o(i.xTaskGetSchedulerState)
    i.xTaskGetTickCount                      0x08004378   Section        0  tasks.o(i.xTaskGetTickCount)
    i.xTaskIncrementTick                     0x08004384   Section        0  tasks.o(i.xTaskIncrementTick)
    i.xTaskPriorityDisinherit                0x0800444c   Section        0  tasks.o(i.xTaskPriorityDisinherit)
    i.xTaskRemoveFromEventList               0x080044cc   Section        0  tasks.o(i.xTaskRemoveFromEventList)
    i.xTaskResumeAll                         0x0800453c   Section        0  tasks.o(i.xTaskResumeAll)
    i.xTimerCreateTimerTask                  0x08004600   Section        0  timers.o(i.xTimerCreateTimerTask)
    i.xTimerGenericCommand                   0x08004660   Section        0  timers.o(i.xTimerGenericCommand)
    .constdata                               0x080046c8   Section       36  freertos.o(.constdata)
    .constdata                               0x080046ec   Section       18  stm32f1xx_hal_rcc.o(.constdata)
    aPredivFactorTable                       0x080046ec   Data           2  stm32f1xx_hal_rcc.o(.constdata)
    aPLLMULFactorTable                       0x080046ee   Data          16  stm32f1xx_hal_rcc.o(.constdata)
    .constdata                               0x080046fe   Section       16  system_stm32f1xx.o(.constdata)
    .constdata                               0x0800470e   Section        8  system_stm32f1xx.o(.constdata)
    .constdata                               0x08004716   Section     2048  driver_oled.o(.constdata)
    .conststring                             0x08004f18   Section       12  freertos.o(.conststring)
    .data                                    0x20000000   Section        4  freertos.o(.data)
    .data                                    0x20000004   Section       12  stm32f1xx_hal.o(.data)
    .data                                    0x20000010   Section        4  system_stm32f1xx.o(.data)
    .data                                    0x20000014   Section       60  tasks.o(.data)
    pxDelayedTaskList                        0x20000018   Data           4  tasks.o(.data)
    pxOverflowDelayedTaskList                0x2000001c   Data           4  tasks.o(.data)
    uxDeletedTasksWaitingCleanUp             0x20000020   Data           4  tasks.o(.data)
    uxCurrentNumberOfTasks                   0x20000024   Data           4  tasks.o(.data)
    xTickCount                               0x20000028   Data           4  tasks.o(.data)
    uxTopReadyPriority                       0x2000002c   Data           4  tasks.o(.data)
    xSchedulerRunning                        0x20000030   Data           4  tasks.o(.data)
    uxPendedTicks                            0x20000034   Data           4  tasks.o(.data)
    xYieldPending                            0x20000038   Data           4  tasks.o(.data)
    xNumOfOverflows                          0x2000003c   Data           4  tasks.o(.data)
    uxTaskNumber                             0x20000040   Data           4  tasks.o(.data)
    xNextTaskUnblockTime                     0x20000044   Data           4  tasks.o(.data)
    xIdleTaskHandle                          0x20000048   Data           4  tasks.o(.data)
    uxSchedulerSuspended                     0x2000004c   Data           4  tasks.o(.data)
    .data                                    0x20000050   Section       20  timers.o(.data)
    pxCurrentTimerList                       0x20000050   Data           4  timers.o(.data)
    pxOverflowTimerList                      0x20000054   Data           4  timers.o(.data)
    xTimerQueue                              0x20000058   Data           4  timers.o(.data)
    xTimerTaskHandle                         0x2000005c   Data           4  timers.o(.data)
    xLastTime                                0x20000060   Data           4  timers.o(.data)
    .data                                    0x20000064   Section        4  cmsis_os2.o(.data)
    KernelState                              0x20000064   Data           4  cmsis_os2.o(.data)
    .data                                    0x20000068   Section       24  heap_4.o(.data)
    pxEnd                                    0x20000068   Data           4  heap_4.o(.data)
    xFreeBytesRemaining                      0x2000006c   Data           4  heap_4.o(.data)
    xMinimumEverFreeBytesRemaining           0x20000070   Data           4  heap_4.o(.data)
    xBlockAllocatedBit                       0x20000074   Data           4  heap_4.o(.data)
    xStart                                   0x20000078   Data           8  heap_4.o(.data)
    .data                                    0x20000080   Section       12  port.o(.data)
    ucMaxSysCallPriority                     0x20000080   Data           1  port.o(.data)
    uxCriticalNesting                        0x20000084   Data           4  port.o(.data)
    ulMaxPRIGROUPValue                       0x20000088   Data           4  port.o(.data)
    .data                                    0x2000008c   Section        8  driver_oled.o(.data)
    mem_mode                                 0x2000008c   Data           1  driver_oled.o(.data)
    g_pHI2COLED                              0x20000090   Data           4  driver_oled.o(.data)
    .data                                    0x20000098   Section       24  driver_ir_receiver.o(.data)
    g_IRReceiverIRQ_Cnt                      0x20000098   Data           4  driver_ir_receiver.o(.data)
    g_KeysBuf_R                              0x2000009c   Data           4  driver_ir_receiver.o(.data)
    g_KeysBuf_W                              0x200000a0   Data           4  driver_ir_receiver.o(.data)
    pre_time                                 0x200000a8   Data           8  driver_ir_receiver.o(.data)
    .data                                    0x200000b0   Section       24  driver_rotary_encoder.o(.data)
    g_count                                  0x200000b0   Data           4  driver_rotary_encoder.o(.data)
    g_speed                                  0x200000b4   Data           4  driver_rotary_encoder.o(.data)
    pre_count                                0x200000b8   Data           4  driver_rotary_encoder.o(.data)
    pre_time                                 0x200000c0   Data           8  driver_rotary_encoder.o(.data)
    .bss                                     0x200000c8   Section       48  adc.o(.bss)
    .bss                                     0x200000f8   Section       84  i2c.o(.bss)
    .bss                                     0x2000014c   Section       88  spi.o(.bss)
    .bss                                     0x200001a4   Section      216  tim.o(.bss)
    .bss                                     0x2000027c   Section       72  usart.o(.bss)
    .bss                                     0x200002c4   Section      752  usb.o(.bss)
    .bss                                     0x200005b4   Section       72  stm32f1xx_hal_timebase_tim.o(.bss)
    .bss                                     0x200005fc   Section       64  queue.o(.bss)
    .bss                                     0x2000063c   Section     1220  tasks.o(.bss)
    pxReadyTasksLists                        0x2000063c   Data        1120  tasks.o(.bss)
    xDelayedTaskList1                        0x20000a9c   Data          20  tasks.o(.bss)
    xDelayedTaskList2                        0x20000ab0   Data          20  tasks.o(.bss)
    xPendingReadyList                        0x20000ac4   Data          20  tasks.o(.bss)
    xTasksWaitingTermination                 0x20000ad8   Data          20  tasks.o(.bss)
    xSuspendedTaskList                       0x20000aec   Data          20  tasks.o(.bss)
    .bss                                     0x20000b00   Section      280  timers.o(.bss)
    xActiveTimerList1                        0x20000b00   Data          20  timers.o(.bss)
    xActiveTimerList2                        0x20000b14   Data          20  timers.o(.bss)
    xStaticTimerQueue                        0x20000b28   Data          80  timers.o(.bss)
    ucStaticTimerQueueStorage                0x20000b78   Data         160  timers.o(.bss)
    .bss                                     0x20000c18   Section     1720  cmsis_os2.o(.bss)
    Idle_TCB                                 0x20000c18   Data          92  cmsis_os2.o(.bss)
    Idle_Stack                               0x20000c74   Data         512  cmsis_os2.o(.bss)
    Timer_TCB                                0x20000e74   Data          92  cmsis_os2.o(.bss)
    Timer_Stack                              0x20000ed0   Data        1024  cmsis_os2.o(.bss)
    .bss                                     0x200012d0   Section     3072  heap_4.o(.bss)
    ucHeap                                   0x200012d0   Data        3072  heap_4.o(.bss)
    .bss                                     0x20001ed0   Section      672  driver_ir_receiver.o(.bss)
    g_KeysBuf                                0x20001ed0   Data         128  driver_ir_receiver.o(.bss)
    g_IRReceiverIRQ_Timers                   0x20001f50   Data         544  driver_ir_receiver.o(.bss)
    STACK                                    0x20002170   Section     1024  startup_stm32f103xb.o(STACK)

    Global Symbols

    Symbol Name                              Value     Ov Type        Size  Object(Section)

    BuildAttributes$$THM_ISAv4$P$D$K$B$S$PE$A:L22UL41UL21$X:L11$S22US41US21$IEEE1$IW$USESV6$~STKCKD$USESV7$~SHL$OSPACE$ROPI$EBA8$MICROLIB$REQ8$PRES8$EABIv2 0x00000000   Number         0  anon$$obj.o ABSOLUTE
    __ARM_use_no_argv                        0x00000000   Number         0  main.o ABSOLUTE
    _printf_a                                0x00000000   Number         0  stubs.o ABSOLUTE
    _printf_c                                0x00000000   Number         0  stubs.o ABSOLUTE
    _printf_charcount                        0x00000000   Number         0  stubs.o ABSOLUTE
    _printf_d                                0x00000000   Number         0  stubs.o ABSOLUTE
    _printf_e                                0x00000000   Number         0  stubs.o ABSOLUTE
    _printf_f                                0x00000000   Number         0  stubs.o ABSOLUTE
    _printf_flags                            0x00000000   Number         0  stubs.o ABSOLUTE
    _printf_fp_dec                           0x00000000   Number         0  stubs.o ABSOLUTE
    _printf_fp_hex                           0x00000000   Number         0  stubs.o ABSOLUTE
    _printf_g                                0x00000000   Number         0  stubs.o ABSOLUTE
    _printf_i                                0x00000000   Number         0  stubs.o ABSOLUTE
    _printf_int_dec                          0x00000000   Number         0  stubs.o ABSOLUTE
    _printf_l                                0x00000000   Number         0  stubs.o ABSOLUTE
    _printf_lc                               0x00000000   Number         0  stubs.o ABSOLUTE
    _printf_ll                               0x00000000   Number         0  stubs.o ABSOLUTE
    _printf_lld                              0x00000000   Number         0  stubs.o ABSOLUTE
    _printf_lli                              0x00000000   Number         0  stubs.o ABSOLUTE
    _printf_llo                              0x00000000   Number         0  stubs.o ABSOLUTE
    _printf_llu                              0x00000000   Number         0  stubs.o ABSOLUTE
    _printf_llx                              0x00000000   Number         0  stubs.o ABSOLUTE
    _printf_longlong_dec                     0x00000000   Number         0  stubs.o ABSOLUTE
    _printf_longlong_hex                     0x00000000   Number         0  stubs.o ABSOLUTE
    _printf_longlong_oct                     0x00000000   Number         0  stubs.o ABSOLUTE
    _printf_ls                               0x00000000   Number         0  stubs.o ABSOLUTE
    _printf_mbtowc                           0x00000000   Number         0  stubs.o ABSOLUTE
    _printf_n                                0x00000000   Number         0  stubs.o ABSOLUTE
    _printf_o                                0x00000000   Number         0  stubs.o ABSOLUTE
    _printf_p                                0x00000000   Number         0  stubs.o ABSOLUTE
    _printf_percent                          0x00000000   Number         0  stubs.o ABSOLUTE
    _printf_pre_padding                      0x00000000   Number         0  stubs.o ABSOLUTE
    _printf_return_value                     0x00000000   Number         0  stubs.o ABSOLUTE
    _printf_s                                0x00000000   Number         0  stubs.o ABSOLUTE
    _printf_sizespec                         0x00000000   Number         0  stubs.o ABSOLUTE
    _printf_str                              0x00000000   Number         0  stubs.o ABSOLUTE
    _printf_truncate_signed                  0x00000000   Number         0  stubs.o ABSOLUTE
    _printf_truncate_unsigned                0x00000000   Number         0  stubs.o ABSOLUTE
    _printf_u                                0x00000000   Number         0  stubs.o ABSOLUTE
    _printf_wc                               0x00000000   Number         0  stubs.o ABSOLUTE
    _printf_wctomb                           0x00000000   Number         0  stubs.o ABSOLUTE
    _printf_widthprec                        0x00000000   Number         0  stubs.o ABSOLUTE
    _printf_x                                0x00000000   Number         0  stubs.o ABSOLUTE
    __cpp_initialize__aeabi_                  - Undefined Weak Reference
    __cxa_finalize                            - Undefined Weak Reference
    __decompress                              - Undefined Weak Reference
    _clock_init                               - Undefined Weak Reference
    _microlib_exit                            - Undefined Weak Reference
    __Vectors_Size                           0x000000ec   Number         0  startup_stm32f103xb.o ABSOLUTE
    __Vectors                                0x08000000   Data           4  startup_stm32f103xb.o(RESET)
    __Vectors_End                            0x080000ec   Data           0  startup_stm32f103xb.o(RESET)
    __main                                   0x080000ed   Thumb Code     0  entry.o(.ARM.Collect$$$$00000000)
    _main_stk                                0x080000ed   Thumb Code     0  entry2.o(.ARM.Collect$$$$00000001)
    _main_scatterload                        0x080000f1   Thumb Code     0  entry5.o(.ARM.Collect$$$$00000004)
    __main_after_scatterload                 0x080000f5   Thumb Code     0  entry5.o(.ARM.Collect$$$$00000004)
    _main_clock                              0x080000f5   Thumb Code     0  entry7b.o(.ARM.Collect$$$$00000008)
    _main_cpp_init                           0x080000f5   Thumb Code     0  entry8b.o(.ARM.Collect$$$$0000000A)
    _main_init                               0x080000f5   Thumb Code     0  entry9a.o(.ARM.Collect$$$$0000000B)
    __rt_final_cpp                           0x080000fd   Thumb Code     0  entry10a.o(.ARM.Collect$$$$0000000D)
    __rt_final_exit                          0x080000fd   Thumb Code     0  entry11a.o(.ARM.Collect$$$$0000000F)
    SVC_Handler                              0x08000101   Thumb Code    32  port.o(.emb_text)
    __asm___6_port_c_39a90d8d__prvStartFirstTask 0x08000125   Thumb Code    28  port.o(.emb_text)
    PendSV_Handler                           0x08000145   Thumb Code    72  port.o(.emb_text)
    vPortGetIPSR                             0x08000191   Thumb Code     6  port.o(.emb_text)
    Reset_Handler                            0x08000199   Thumb Code     8  startup_stm32f103xb.o(.text)
    ADC1_2_IRQHandler                        0x080001b3   Thumb Code     0  startup_stm32f103xb.o(.text)
    CAN1_RX1_IRQHandler                      0x080001b3   Thumb Code     0  startup_stm32f103xb.o(.text)
    CAN1_SCE_IRQHandler                      0x080001b3   Thumb Code     0  startup_stm32f103xb.o(.text)
    DMA1_Channel1_IRQHandler                 0x080001b3   Thumb Code     0  startup_stm32f103xb.o(.text)
    DMA1_Channel2_IRQHandler                 0x080001b3   Thumb Code     0  startup_stm32f103xb.o(.text)
    DMA1_Channel3_IRQHandler                 0x080001b3   Thumb Code     0  startup_stm32f103xb.o(.text)
    DMA1_Channel4_IRQHandler                 0x080001b3   Thumb Code     0  startup_stm32f103xb.o(.text)
    DMA1_Channel5_IRQHandler                 0x080001b3   Thumb Code     0  startup_stm32f103xb.o(.text)
    DMA1_Channel6_IRQHandler                 0x080001b3   Thumb Code     0  startup_stm32f103xb.o(.text)
    DMA1_Channel7_IRQHandler                 0x080001b3   Thumb Code     0  startup_stm32f103xb.o(.text)
    EXTI0_IRQHandler                         0x080001b3   Thumb Code     0  startup_stm32f103xb.o(.text)
    EXTI1_IRQHandler                         0x080001b3   Thumb Code     0  startup_stm32f103xb.o(.text)
    EXTI2_IRQHandler                         0x080001b3   Thumb Code     0  startup_stm32f103xb.o(.text)
    EXTI3_IRQHandler                         0x080001b3   Thumb Code     0  startup_stm32f103xb.o(.text)
    EXTI4_IRQHandler                         0x080001b3   Thumb Code     0  startup_stm32f103xb.o(.text)
    EXTI9_5_IRQHandler                       0x080001b3   Thumb Code     0  startup_stm32f103xb.o(.text)
    FLASH_IRQHandler                         0x080001b3   Thumb Code     0  startup_stm32f103xb.o(.text)
    I2C1_ER_IRQHandler                       0x080001b3   Thumb Code     0  startup_stm32f103xb.o(.text)
    I2C1_EV_IRQHandler                       0x080001b3   Thumb Code     0  startup_stm32f103xb.o(.text)
    I2C2_ER_IRQHandler                       0x080001b3   Thumb Code     0  startup_stm32f103xb.o(.text)
    I2C2_EV_IRQHandler                       0x080001b3   Thumb Code     0  startup_stm32f103xb.o(.text)
    PVD_IRQHandler                           0x080001b3   Thumb Code     0  startup_stm32f103xb.o(.text)
    RCC_IRQHandler                           0x080001b3   Thumb Code     0  startup_stm32f103xb.o(.text)
    RTC_Alarm_IRQHandler                     0x080001b3   Thumb Code     0  startup_stm32f103xb.o(.text)
    RTC_IRQHandler                           0x080001b3   Thumb Code     0  startup_stm32f103xb.o(.text)
    SPI1_IRQHandler                          0x080001b3   Thumb Code     0  startup_stm32f103xb.o(.text)
    SPI2_IRQHandler                          0x080001b3   Thumb Code     0  startup_stm32f103xb.o(.text)
    TAMPER_IRQHandler                        0x080001b3   Thumb Code     0  startup_stm32f103xb.o(.text)
    TIM1_BRK_IRQHandler                      0x080001b3   Thumb Code     0  startup_stm32f103xb.o(.text)
    TIM1_CC_IRQHandler                       0x080001b3   Thumb Code     0  startup_stm32f103xb.o(.text)
    TIM1_TRG_COM_IRQHandler                  0x080001b3   Thumb Code     0  startup_stm32f103xb.o(.text)
    TIM1_UP_IRQHandler                       0x080001b3   Thumb Code     0  startup_stm32f103xb.o(.text)
    TIM2_IRQHandler                          0x080001b3   Thumb Code     0  startup_stm32f103xb.o(.text)
    TIM3_IRQHandler                          0x080001b3   Thumb Code     0  startup_stm32f103xb.o(.text)
    USART1_IRQHandler                        0x080001b3   Thumb Code     0  startup_stm32f103xb.o(.text)
    USART2_IRQHandler                        0x080001b3   Thumb Code     0  startup_stm32f103xb.o(.text)
    USART3_IRQHandler                        0x080001b3   Thumb Code     0  startup_stm32f103xb.o(.text)
    USBWakeUp_IRQHandler                     0x080001b3   Thumb Code     0  startup_stm32f103xb.o(.text)
    USB_HP_CAN1_TX_IRQHandler                0x080001b3   Thumb Code     0  startup_stm32f103xb.o(.text)
    USB_LP_CAN1_RX0_IRQHandler               0x080001b3   Thumb Code     0  startup_stm32f103xb.o(.text)
    WWDG_IRQHandler                          0x080001b3   Thumb Code     0  startup_stm32f103xb.o(.text)
    __aeabi_uldivmod                         0x080001bd   Thumb Code    98  uldiv.o(.text)
    __aeabi_llsr                             0x0800021f   Thumb Code    32  llushr.o(.text)
    _ll_ushift_r                             0x0800021f   Thumb Code     0  llushr.o(.text)
    __aeabi_memcpy                           0x0800023f   Thumb Code    36  memcpya.o(.text)
    __aeabi_memcpy4                          0x0800023f   Thumb Code     0  memcpya.o(.text)
    __aeabi_memcpy8                          0x0800023f   Thumb Code     0  memcpya.o(.text)
    __aeabi_memset                           0x08000263   Thumb Code    14  memseta.o(.text)
    __aeabi_memset4                          0x08000263   Thumb Code     0  memseta.o(.text)
    __aeabi_memset8                          0x08000263   Thumb Code     0  memseta.o(.text)
    __aeabi_memclr                           0x08000271   Thumb Code     4  memseta.o(.text)
    __aeabi_memclr4                          0x08000271   Thumb Code     0  memseta.o(.text)
    __aeabi_memclr8                          0x08000271   Thumb Code     0  memseta.o(.text)
    memset                                   0x08000275   Thumb Code    18  memseta.o(.text)
    __aeabi_llsl                             0x08000287   Thumb Code    30  llshl.o(.text)
    _ll_shift_l                              0x08000287   Thumb Code     0  llshl.o(.text)
    __scatterload                            0x080002a5   Thumb Code    28  init.o(.text)
    __scatterload_rt2                        0x080002a5   Thumb Code     0  init.o(.text)
    ADC_ConversionStop_Disable               0x080002c9   Thumb Code    86  stm32f1xx_hal_adc.o(i.ADC_ConversionStop_Disable)
    BusFault_Handler                         0x0800031f   Thumb Code     2  stm32f1xx_it.o(i.BusFault_Handler)
    DebugMon_Handler                         0x08000321   Thumb Code     2  stm32f1xx_it.o(i.DebugMon_Handler)
    EXTI15_10_IRQHandler                     0x08000323   Thumb Code    30  stm32f1xx_it.o(i.EXTI15_10_IRQHandler)
    Error_Handler                            0x08000341   Thumb Code     4  main.o(i.Error_Handler)
    HAL_ADC_ConfigChannel                    0x08000345   Thumb Code   240  stm32f1xx_hal_adc.o(i.HAL_ADC_ConfigChannel)
    HAL_ADC_Init                             0x08000441   Thumb Code   272  stm32f1xx_hal_adc.o(i.HAL_ADC_Init)
    HAL_ADC_MspInit                          0x0800055d   Thumb Code    76  adc.o(i.HAL_ADC_MspInit)
    HAL_GPIO_EXTI_Callback                   0x080005b5   Thumb Code    22  driver_irq.o(i.HAL_GPIO_EXTI_Callback)
    HAL_GPIO_EXTI_IRQHandler                 0x080005cd   Thumb Code    18  stm32f1xx_hal_gpio.o(i.HAL_GPIO_EXTI_IRQHandler)
    HAL_GPIO_Init                            0x080005e5   Thumb Code   446  stm32f1xx_hal_gpio.o(i.HAL_GPIO_Init)
    HAL_GPIO_ReadPin                         0x080007c5   Thumb Code    10  stm32f1xx_hal_gpio.o(i.HAL_GPIO_ReadPin)
    HAL_GPIO_WritePin                        0x080007cf   Thumb Code    10  stm32f1xx_hal_gpio.o(i.HAL_GPIO_WritePin)
    HAL_GetTick                              0x080007d9   Thumb Code     6  stm32f1xx_hal.o(i.HAL_GetTick)
    HAL_I2C_Init                             0x080007e5   Thumb Code   376  stm32f1xx_hal_i2c.o(i.HAL_I2C_Init)
    HAL_I2C_Master_Transmit                  0x0800096d   Thumb Code   290  stm32f1xx_hal_i2c.o(i.HAL_I2C_Master_Transmit)
    HAL_I2C_Mem_Write                        0x08000a99   Thumb Code   294  stm32f1xx_hal_i2c.o(i.HAL_I2C_Mem_Write)
    HAL_I2C_MspInit                          0x08000bc9   Thumb Code    80  i2c.o(i.HAL_I2C_MspInit)
    HAL_IncTick                              0x08000c25   Thumb Code    12  stm32f1xx_hal.o(i.HAL_IncTick)
    HAL_Init                                 0x08000c35   Thumb Code    32  stm32f1xx_hal.o(i.HAL_Init)
    HAL_InitTick                             0x08000c59   Thumb Code   132  stm32f1xx_hal_timebase_tim.o(i.HAL_InitTick)
    HAL_MspInit                              0x08000cf1   Thumb Code    62  stm32f1xx_hal_msp.o(i.HAL_MspInit)
    HAL_NVIC_EnableIRQ                       0x08000d39   Thumb Code    26  stm32f1xx_hal_cortex.o(i.HAL_NVIC_EnableIRQ)
    HAL_NVIC_SetPriority                     0x08000d55   Thumb Code    60  stm32f1xx_hal_cortex.o(i.HAL_NVIC_SetPriority)
    HAL_NVIC_SetPriorityGrouping             0x08000d95   Thumb Code    26  stm32f1xx_hal_cortex.o(i.HAL_NVIC_SetPriorityGrouping)
    HAL_PCD_Init                             0x08000db9   Thumb Code   218  stm32f1xx_hal_pcd.o(i.HAL_PCD_Init)
    HAL_PCD_MspInit                          0x08000e95   Thumb Code    30  usb.o(i.HAL_PCD_MspInit)
    HAL_RCCEx_PeriphCLKConfig                0x08000ebd   Thumb Code   224  stm32f1xx_hal_rcc_ex.o(i.HAL_RCCEx_PeriphCLKConfig)
    HAL_RCC_ClockConfig                      0x08000fa9   Thumb Code   280  stm32f1xx_hal_rcc.o(i.HAL_RCC_ClockConfig)
    HAL_RCC_GetClockConfig                   0x080010d5   Thumb Code    54  stm32f1xx_hal_rcc.o(i.HAL_RCC_GetClockConfig)
    HAL_RCC_GetPCLK1Freq                     0x08001115   Thumb Code    20  stm32f1xx_hal_rcc.o(i.HAL_RCC_GetPCLK1Freq)
    HAL_RCC_GetPCLK2Freq                     0x08001135   Thumb Code    20  stm32f1xx_hal_rcc.o(i.HAL_RCC_GetPCLK2Freq)
    HAL_RCC_GetSysClockFreq                  0x08001155   Thumb Code    58  stm32f1xx_hal_rcc.o(i.HAL_RCC_GetSysClockFreq)
    HAL_RCC_OscConfig                        0x080011a1   Thumb Code   778  stm32f1xx_hal_rcc.o(i.HAL_RCC_OscConfig)
    HAL_SPI_Init                             0x080014c1   Thumb Code   178  stm32f1xx_hal_spi.o(i.HAL_SPI_Init)
    HAL_SPI_MspInit                          0x08001575   Thumb Code    98  spi.o(i.HAL_SPI_MspInit)
    HAL_TIMEx_BreakCallback                  0x080015e5   Thumb Code     2  stm32f1xx_hal_tim_ex.o(i.HAL_TIMEx_BreakCallback)
    HAL_TIMEx_CommutCallback                 0x080015e7   Thumb Code     2  stm32f1xx_hal_tim_ex.o(i.HAL_TIMEx_CommutCallback)
    HAL_TIMEx_ConfigBreakDeadTime            0x080015e9   Thumb Code    84  stm32f1xx_hal_tim_ex.o(i.HAL_TIMEx_ConfigBreakDeadTime)
    HAL_TIMEx_MasterConfigSynchronization    0x0800163d   Thumb Code    92  stm32f1xx_hal_tim_ex.o(i.HAL_TIMEx_MasterConfigSynchronization)
    HAL_TIM_Base_Init                        0x080016a5   Thumb Code    90  stm32f1xx_hal_tim.o(i.HAL_TIM_Base_Init)
    HAL_TIM_Base_MspInit                     0x08001701   Thumb Code    52  tim.o(i.HAL_TIM_Base_MspInit)
    HAL_TIM_Base_Start_IT                    0x0800173d   Thumb Code    76  stm32f1xx_hal_tim.o(i.HAL_TIM_Base_Start_IT)
    HAL_TIM_ConfigClockSource                0x08001795   Thumb Code   220  stm32f1xx_hal_tim.o(i.HAL_TIM_ConfigClockSource)
    HAL_TIM_IC_CaptureCallback               0x08001871   Thumb Code     2  stm32f1xx_hal_tim.o(i.HAL_TIM_IC_CaptureCallback)
    HAL_TIM_IRQHandler                       0x08001873   Thumb Code   358  stm32f1xx_hal_tim.o(i.HAL_TIM_IRQHandler)
    HAL_TIM_MspPostInit                      0x080019d9   Thumb Code   212  tim.o(i.HAL_TIM_MspPostInit)
    HAL_TIM_OC_DelayElapsedCallback          0x08001ac5   Thumb Code     2  stm32f1xx_hal_tim.o(i.HAL_TIM_OC_DelayElapsedCallback)
    HAL_TIM_PWM_ConfigChannel                0x08001ac7   Thumb Code   204  stm32f1xx_hal_tim.o(i.HAL_TIM_PWM_ConfigChannel)
    HAL_TIM_PWM_Init                         0x08001b93   Thumb Code    90  stm32f1xx_hal_tim.o(i.HAL_TIM_PWM_Init)
    HAL_TIM_PWM_MspInit                      0x08001bed   Thumb Code    30  tim.o(i.HAL_TIM_PWM_MspInit)
    HAL_TIM_PWM_PulseFinishedCallback        0x08001c15   Thumb Code     2  stm32f1xx_hal_tim.o(i.HAL_TIM_PWM_PulseFinishedCallback)
    HAL_TIM_PeriodElapsedCallback            0x08001c19   Thumb Code    14  main.o(i.HAL_TIM_PeriodElapsedCallback)
    HAL_TIM_TriggerCallback                  0x08001c2d   Thumb Code     2  stm32f1xx_hal_tim.o(i.HAL_TIM_TriggerCallback)
    HAL_UART_Init                            0x08001c2f   Thumb Code   100  stm32f1xx_hal_uart.o(i.HAL_UART_Init)
    HAL_UART_MspInit                         0x08001c95   Thumb Code   100  usart.o(i.HAL_UART_MspInit)
    HardFault_Handler                        0x08001d05   Thumb Code     2  stm32f1xx_it.o(i.HardFault_Handler)
    IRReceiver_IRQ_Callback                  0x08002195   Thumb Code   158  driver_ir_receiver.o(i.IRReceiver_IRQ_Callback)
    LCD_Clear                                0x0800224d   Thumb Code     4  driver_lcd.o(i.LCD_Clear)
    LCD_Init                                 0x08002251   Thumb Code     4  driver_lcd.o(i.LCD_Init)
    LCD_Test                                 0x08002255   Thumb Code     4  driver_lcd.o(i.LCD_Test)
    Led_Control                              0x08002259   Thumb Code    26  driver_led.o(i.Led_Control)
    Led_Init                                 0x08002279   Thumb Code    74  driver_led.o(i.Led_Init)
    Led_Test                                 0x080022cd   Thumb Code    38  driver_led.o(i.Led_Test)
    MX_ADC1_Init                             0x080022f5   Thumb Code    70  adc.o(i.MX_ADC1_Init)
    MX_FREERTOS_Init                         0x08002345   Thumb Code    38  freertos.o(i.MX_FREERTOS_Init)
    MX_GPIO_Init                             0x08002389   Thumb Code   310  gpio.o(i.MX_GPIO_Init)
    MX_I2C1_Init                             0x080024d9   Thumb Code    50  i2c.o(i.MX_I2C1_Init)
    MX_SPI1_Init                             0x08002519   Thumb Code    62  spi.o(i.MX_SPI1_Init)
    MX_TIM1_Init                             0x08002561   Thumb Code   198  tim.o(i.MX_TIM1_Init)
    MX_TIM2_Init                             0x08002631   Thumb Code   182  tim.o(i.MX_TIM2_Init)
    MX_TIM3_Init                             0x080026ed   Thumb Code   110  tim.o(i.MX_TIM3_Init)
    MX_USART1_UART_Init                      0x08002765   Thumb Code    48  usart.o(i.MX_USART1_UART_Init)
    MX_USB_PCD_Init                          0x0800279d   Thumb Code    42  usb.o(i.MX_USB_PCD_Init)
    MemManage_Handler                        0x080027d1   Thumb Code     2  stm32f1xx_it.o(i.MemManage_Handler)
    MyTask                                   0x080027d3   Thumb Code     6  freertos.o(i.MyTask)
    NMI_Handler                              0x080027d9   Thumb Code     2  stm32f1xx_it.o(i.NMI_Handler)
    OLED_Clear                               0x080027db   Thumb Code    42  driver_oled.o(i.OLED_Clear)
    OLED_Init                                0x08002805   Thumb Code   142  driver_oled.o(i.OLED_Init)
    OLED_PrintSignedVal                      0x08002899   Thumb Code   126  driver_oled.o(i.OLED_PrintSignedVal)
    OLED_PrintString                         0x08002917   Thumb Code    50  driver_oled.o(i.OLED_PrintString)
    OLED_PutChar                             0x08002949   Thumb Code    66  driver_oled.o(i.OLED_PutChar)
    OLED_SetPosition                         0x080029bd   Thumb Code    58  driver_oled.o(i.OLED_SetPosition)
    OLED_Test                                0x080029fd   Thumb Code    58  driver_oled.o(i.OLED_Test)
    RotaryEncoder_IRQ_Callback               0x08002abd   Thumb Code    96  driver_rotary_encoder.o(i.RotaryEncoder_IRQ_Callback)
    StartDefaultTask                         0x08002b29   Thumb Code    14  freertos.o(i.StartDefaultTask)
    SysTick_Handler                          0x08002b39   Thumb Code    38  port.o(i.SysTick_Handler)
    SystemClock_Config                       0x08002b65   Thumb Code   124  main.o(i.SystemClock_Config)
    SystemInit                               0x08002be1   Thumb Code     2  system_stm32f1xx.o(i.SystemInit)
    TIM4_IRQHandler                          0x08002be5   Thumb Code     6  stm32f1xx_it.o(i.TIM4_IRQHandler)
    TIM_Base_SetConfig                       0x08002bf1   Thumb Code    94  stm32f1xx_hal_tim.o(i.TIM_Base_SetConfig)
    TIM_ETR_SetConfig                        0x08002c5d   Thumb Code    20  stm32f1xx_hal_tim.o(i.TIM_ETR_SetConfig)
    TIM_OC2_SetConfig                        0x08002cd1   Thumb Code    84  stm32f1xx_hal_tim.o(i.TIM_OC2_SetConfig)
    USB_CoreInit                             0x08002ec5   Thumb Code     4  stm32f1xx_ll_usb.o(i.USB_CoreInit)
    USB_DevDisconnect                        0x08002ec9   Thumb Code     4  stm32f1xx_ll_usb.o(i.USB_DevDisconnect)
    USB_DevInit                              0x08002ecd   Thumb Code    18  stm32f1xx_ll_usb.o(i.USB_DevInit)
    USB_DisableGlobalInt                     0x08002edf   Thumb Code    14  stm32f1xx_ll_usb.o(i.USB_DisableGlobalInt)
    USB_SetCurrentMode                       0x08002eed   Thumb Code     4  stm32f1xx_ll_usb.o(i.USB_SetCurrentMode)
    UsageFault_Handler                       0x08002ef1   Thumb Code     2  stm32f1xx_it.o(i.UsageFault_Handler)
    __scatterload_copy                       0x08002f13   Thumb Code    14  handlers.o(i.__scatterload_copy)
    __scatterload_null                       0x08002f21   Thumb Code     2  handlers.o(i.__scatterload_null)
    __scatterload_zeroinit                   0x08002f23   Thumb Code    14  handlers.o(i.__scatterload_zeroinit)
    add                                      0x08002f31   Thumb Code    14  driver_oled.o(i.add)
    main                                     0x08002f3f   Thumb Code    58  main.o(i.main)
    mdelay                                   0x08002f79   Thumb Code    26  driver_timer.o(i.mdelay)
    osKernelInitialize                       0x08002f95   Thumb Code    50  cmsis_os2.o(i.osKernelInitialize)
    osKernelStart                            0x08002fcd   Thumb Code    58  cmsis_os2.o(i.osKernelStart)
    osThreadNew                              0x0800300d   Thumb Code   160  cmsis_os2.o(i.osThreadNew)
    pvPortMalloc                             0x080037f5   Thumb Code   210  heap_4.o(i.pvPortMalloc)
    pxPortInitialiseStack                    0x080038cd   Thumb Code    32  port.o(i.pxPortInitialiseStack)
    system_get_ns                            0x080038f1   Thumb Code    58  driver_timer.o(i.system_get_ns)
    udelay                                   0x08003935   Thumb Code    52  driver_timer.o(i.udelay)
    uxListRemove                             0x0800396d   Thumb Code    38  list.o(i.uxListRemove)
    vApplicationGetIdleTaskMemory            0x08003995   Thumb Code    16  cmsis_os2.o(i.vApplicationGetIdleTaskMemory)
    vApplicationGetTimerTaskMemory           0x080039a9   Thumb Code    18  cmsis_os2.o(i.vApplicationGetTimerTaskMemory)
    vListInitialise                          0x080039c1   Thumb Code    22  list.o(i.vListInitialise)
    vListInitialiseItem                      0x080039d7   Thumb Code     6  list.o(i.vListInitialiseItem)
    vListInsert                              0x080039dd   Thumb Code    48  list.o(i.vListInsert)
    vListInsertEnd                           0x08003a0d   Thumb Code    24  list.o(i.vListInsertEnd)
    vPortEnterCritical                       0x08003a25   Thumb Code    54  port.o(i.vPortEnterCritical)
    vPortExitCritical                        0x08003a65   Thumb Code    34  port.o(i.vPortExitCritical)
    vPortFree                                0x08003a8d   Thumb Code    88  heap_4.o(i.vPortFree)
    vPortSetupTimerInterrupt                 0x08003ae9   Thumb Code    32  port.o(i.vPortSetupTimerInterrupt)
    vPortValidateInterruptPriority           0x08003b0d   Thumb Code    74  port.o(i.vPortValidateInterruptPriority)
    vQueueAddToRegistry                      0x08003b61   Thumb Code    34  queue.o(i.vQueueAddToRegistry)
    vQueueWaitForMessageRestricted           0x08003b89   Thumb Code    68  queue.o(i.vQueueWaitForMessageRestricted)
    vTaskInternalSetTimeOutState             0x08003bcd   Thumb Code    12  tasks.o(i.vTaskInternalSetTimeOutState)
    vTaskMissedYield                         0x08003bdd   Thumb Code     8  tasks.o(i.vTaskMissedYield)
    vTaskPlaceOnEventList                    0x08003be9   Thumb Code    44  tasks.o(i.vTaskPlaceOnEventList)
    vTaskPlaceOnEventListRestricted          0x08003c19   Thumb Code    52  tasks.o(i.vTaskPlaceOnEventListRestricted)
    vTaskStartScheduler                      0x08003c51   Thumb Code   118  tasks.o(i.vTaskStartScheduler)
    vTaskSuspendAll                          0x08003cd9   Thumb Code    10  tasks.o(i.vTaskSuspendAll)
    vTaskSwitchContext                       0x08003ce9   Thumb Code    90  tasks.o(i.vTaskSwitchContext)
    xPortStartScheduler                      0x08003d4d   Thumb Code   154  port.o(i.xPortStartScheduler)
    xQueueGenericCreateStatic                0x08003df5   Thumb Code   102  queue.o(i.xQueueGenericCreateStatic)
    xQueueGenericReset                       0x08003e5d   Thumb Code   132  queue.o(i.xQueueGenericReset)
    xQueueGenericSend                        0x08003ee5   Thumb Code   346  queue.o(i.xQueueGenericSend)
    xQueueGenericSendFromISR                 0x08004045   Thumb Code   188  queue.o(i.xQueueGenericSendFromISR)
    xQueueReceive                            0x08004101   Thumb Code   308  queue.o(i.xQueueReceive)
    xTaskCheckForTimeOut                     0x08004239   Thumb Code   112  tasks.o(i.xTaskCheckForTimeOut)
    xTaskCreate                              0x080042ad   Thumb Code    90  tasks.o(i.xTaskCreate)
    xTaskCreateStatic                        0x08004307   Thumb Code    86  tasks.o(i.xTaskCreateStatic)
    xTaskGetSchedulerState                   0x0800435d   Thumb Code    22  tasks.o(i.xTaskGetSchedulerState)
    xTaskGetTickCount                        0x08004379   Thumb Code     6  tasks.o(i.xTaskGetTickCount)
    xTaskIncrementTick                       0x08004385   Thumb Code   190  tasks.o(i.xTaskIncrementTick)
    xTaskPriorityDisinherit                  0x0800444d   Thumb Code   118  tasks.o(i.xTaskPriorityDisinherit)
    xTaskRemoveFromEventList                 0x080044cd   Thumb Code    98  tasks.o(i.xTaskRemoveFromEventList)
    xTaskResumeAll                           0x0800453d   Thumb Code   182  tasks.o(i.xTaskResumeAll)
    xTimerCreateTimerTask                    0x08004601   Thumb Code    78  timers.o(i.xTimerCreateTimerTask)
    xTimerGenericCommand                     0x08004661   Thumb Code    98  timers.o(i.xTimerGenericCommand)
    defaultTask_attributes                   0x080046c8   Data          36  freertos.o(.constdata)
    AHBPrescTable                            0x080046fe   Data          16  system_stm32f1xx.o(.constdata)
    APBPrescTable                            0x0800470e   Data           8  system_stm32f1xx.o(.constdata)
    ascii_font                               0x08004716   Data        2048  driver_oled.o(.constdata)
    Region$$Table$$Base                      0x08004f24   Number         0  anon$$obj.o(Region$$Table)
    Region$$Table$$Limit                     0x08004f44   Number         0  anon$$obj.o(Region$$Table)
    defaultTaskHandle                        0x20000000   Data           4  freertos.o(.data)
    uwTickFreq                               0x20000004   Data           1  stm32f1xx_hal.o(.data)
    uwTickPrio                               0x20000008   Data           4  stm32f1xx_hal.o(.data)
    uwTick                                   0x2000000c   Data           4  stm32f1xx_hal.o(.data)
    SystemCoreClock                          0x20000010   Data           4  system_stm32f1xx.o(.data)
    pxCurrentTCB                             0x20000014   Data           4  tasks.o(.data)
    hadc1                                    0x200000c8   Data          48  adc.o(.bss)
    hi2c1                                    0x200000f8   Data          84  i2c.o(.bss)
    hspi1                                    0x2000014c   Data          88  spi.o(.bss)
    htim1                                    0x200001a4   Data          72  tim.o(.bss)
    htim2                                    0x200001ec   Data          72  tim.o(.bss)
    htim3                                    0x20000234   Data          72  tim.o(.bss)
    huart1                                   0x2000027c   Data          72  usart.o(.bss)
    hpcd_USB_FS                              0x200002c4   Data         752  usb.o(.bss)
    htim4                                    0x200005b4   Data          72  stm32f1xx_hal_timebase_tim.o(.bss)
    xQueueRegistry                           0x200005fc   Data          64  queue.o(.bss)
    __initial_sp                             0x20002570   Data           0  startup_stm32f103xb.o(STACK)



==============================================================================

Memory Map of the image

  Image Entry point : 0x080000ed

  Load Region LR_IROM1 (Base: 0x08000000, Size: 0x0000500c, Max: 0x00010000, ABSOLUTE)

    Execution Region ER_IROM1 (Exec base: 0x08000000, Load base: 0x08000000, Size: 0x00004f44, Max: 0x00010000, ABSOLUTE)

    Exec Addr    Load Addr    Size         Type   Attr      Idx    E Section Name        Object

    0x08000000   0x08000000   0x000000ec   Data   RO            3    RESET               startup_stm32f103xb.o
    0x080000ec   0x080000ec   0x00000000   Code   RO         7348  * .ARM.Collect$$$$00000000  mc_w.l(entry.o)
    0x080000ec   0x080000ec   0x00000004   Code   RO         7632    .ARM.Collect$$$$00000001  mc_w.l(entry2.o)
    0x080000f0   0x080000f0   0x00000004   Code   RO         7635    .ARM.Collect$$$$00000004  mc_w.l(entry5.o)
    0x080000f4   0x080000f4   0x00000000   Code   RO         7637    .ARM.Collect$$$$00000008  mc_w.l(entry7b.o)
    0x080000f4   0x080000f4   0x00000000   Code   RO         7639    .ARM.Collect$$$$0000000A  mc_w.l(entry8b.o)
    0x080000f4   0x080000f4   0x00000008   Code   RO         7640    .ARM.Collect$$$$0000000B  mc_w.l(entry9a.o)
    0x080000fc   0x080000fc   0x00000000   Code   RO         7642    .ARM.Collect$$$$0000000D  mc_w.l(entry10a.o)
    0x080000fc   0x080000fc   0x00000000   Code   RO         7644    .ARM.Collect$$$$0000000F  mc_w.l(entry11a.o)
    0x080000fc   0x080000fc   0x00000004   Code   RO         7633    .ARM.Collect$$$$00002712  mc_w.l(entry2.o)
    0x08000100   0x08000100   0x00000096   Code   RO         6195    .emb_text           port.o
    0x08000196   0x08000196   0x00000002   PAD
    0x08000198   0x08000198   0x00000024   Code   RO            4    .text               startup_stm32f103xb.o
    0x080001bc   0x080001bc   0x00000062   Code   RO         7351    .text               mc_w.l(uldiv.o)
    0x0800021e   0x0800021e   0x00000020   Code   RO         7353    .text               mc_w.l(llushr.o)
    0x0800023e   0x0800023e   0x00000024   Code   RO         7355    .text               mc_w.l(memcpya.o)
    0x08000262   0x08000262   0x00000024   Code   RO         7359    .text               mc_w.l(memseta.o)
    0x08000286   0x08000286   0x0000001e   Code   RO         7649    .text               mc_w.l(llshl.o)
    0x080002a4   0x080002a4   0x00000024   Code   RO         7662    .text               mc_w.l(init.o)
    0x080002c8   0x080002c8   0x00000056   Code   RO          805    i.ADC_ConversionStop_Disable  stm32f1xx_hal_adc.o
    0x0800031e   0x0800031e   0x00000002   Code   RO          636    i.BusFault_Handler  stm32f1xx_it.o
    0x08000320   0x08000320   0x00000002   Code   RO          637    i.DebugMon_Handler  stm32f1xx_it.o
    0x08000322   0x08000322   0x0000001e   Code   RO          638    i.EXTI15_10_IRQHandler  stm32f1xx_it.o
    0x08000340   0x08000340   0x00000004   Code   RO           13    i.Error_Handler     main.o
    0x08000344   0x08000344   0x000000fc   Code   RO          811    i.HAL_ADC_ConfigChannel  stm32f1xx_hal_adc.o
    0x08000440   0x08000440   0x0000011c   Code   RO          820    i.HAL_ADC_Init      stm32f1xx_hal_adc.o
    0x0800055c   0x0800055c   0x00000058   Code   RO          355    i.HAL_ADC_MspInit   adc.o
    0x080005b4   0x080005b4   0x00000016   Code   RO         7192    i.HAL_GPIO_EXTI_Callback  driver_irq.o
    0x080005ca   0x080005ca   0x00000002   PAD
    0x080005cc   0x080005cc   0x00000018   Code   RO         1397    i.HAL_GPIO_EXTI_IRQHandler  stm32f1xx_hal_gpio.o
    0x080005e4   0x080005e4   0x000001e0   Code   RO         1398    i.HAL_GPIO_Init     stm32f1xx_hal_gpio.o
    0x080007c4   0x080007c4   0x0000000a   Code   RO         1400    i.HAL_GPIO_ReadPin  stm32f1xx_hal_gpio.o
    0x080007ce   0x080007ce   0x0000000a   Code   RO         1402    i.HAL_GPIO_WritePin  stm32f1xx_hal_gpio.o
    0x080007d8   0x080007d8   0x0000000c   Code   RO         1092    i.HAL_GetTick       stm32f1xx_hal.o
    0x080007e4   0x080007e4   0x00000188   Code   RO         2069    i.HAL_I2C_Init      stm32f1xx_hal_i2c.o
    0x0800096c   0x0800096c   0x0000012c   Code   RO         2082    i.HAL_I2C_Master_Transmit  stm32f1xx_hal_i2c.o
    0x08000a98   0x08000a98   0x00000130   Code   RO         2090    i.HAL_I2C_Mem_Write  stm32f1xx_hal_i2c.o
    0x08000bc8   0x08000bc8   0x0000005c   Code   RO          397    i.HAL_I2C_MspInit   i2c.o
    0x08000c24   0x08000c24   0x00000010   Code   RO         1098    i.HAL_IncTick       stm32f1xx_hal.o
    0x08000c34   0x08000c34   0x00000024   Code   RO         1099    i.HAL_Init          stm32f1xx_hal.o
    0x08000c58   0x08000c58   0x00000098   Code   RO          730    i.HAL_InitTick      stm32f1xx_hal_timebase_tim.o
    0x08000cf0   0x08000cf0   0x00000048   Code   RO          706    i.HAL_MspInit       stm32f1xx_hal_msp.o
    0x08000d38   0x08000d38   0x0000001a   Code   RO         1558    i.HAL_NVIC_EnableIRQ  stm32f1xx_hal_cortex.o
    0x08000d52   0x08000d52   0x00000002   PAD
    0x08000d54   0x08000d54   0x00000040   Code   RO         1564    i.HAL_NVIC_SetPriority  stm32f1xx_hal_cortex.o
    0x08000d94   0x08000d94   0x00000024   Code   RO         1565    i.HAL_NVIC_SetPriorityGrouping  stm32f1xx_hal_cortex.o
    0x08000db8   0x08000db8   0x000000da   Code   RO         4177    i.HAL_PCD_Init      stm32f1xx_hal_pcd.o
    0x08000e92   0x08000e92   0x00000002   PAD
    0x08000e94   0x08000e94   0x00000028   Code   RO          595    i.HAL_PCD_MspInit   usb.o
    0x08000ebc   0x08000ebc   0x000000ec   Code   RO         1360    i.HAL_RCCEx_PeriphCLKConfig  stm32f1xx_hal_rcc_ex.o
    0x08000fa8   0x08000fa8   0x0000012c   Code   RO         1256    i.HAL_RCC_ClockConfig  stm32f1xx_hal_rcc.o
    0x080010d4   0x080010d4   0x00000040   Code   RO         1260    i.HAL_RCC_GetClockConfig  stm32f1xx_hal_rcc.o
    0x08001114   0x08001114   0x00000020   Code   RO         1263    i.HAL_RCC_GetPCLK1Freq  stm32f1xx_hal_rcc.o
    0x08001134   0x08001134   0x00000020   Code   RO         1264    i.HAL_RCC_GetPCLK2Freq  stm32f1xx_hal_rcc.o
    0x08001154   0x08001154   0x0000004c   Code   RO         1265    i.HAL_RCC_GetSysClockFreq  stm32f1xx_hal_rcc.o
    0x080011a0   0x080011a0   0x00000320   Code   RO         1268    i.HAL_RCC_OscConfig  stm32f1xx_hal_rcc.o
    0x080014c0   0x080014c0   0x000000b2   Code   RO         2506    i.HAL_SPI_Init      stm32f1xx_hal_spi.o
    0x08001572   0x08001572   0x00000002   PAD
    0x08001574   0x08001574   0x00000070   Code   RO          439    i.HAL_SPI_MspInit   spi.o
    0x080015e4   0x080015e4   0x00000002   Code   RO         3523    i.HAL_TIMEx_BreakCallback  stm32f1xx_hal_tim_ex.o
    0x080015e6   0x080015e6   0x00000002   Code   RO         3524    i.HAL_TIMEx_CommutCallback  stm32f1xx_hal_tim_ex.o
    0x080015e8   0x080015e8   0x00000054   Code   RO         3526    i.HAL_TIMEx_ConfigBreakDeadTime  stm32f1xx_hal_tim_ex.o
    0x0800163c   0x0800163c   0x00000068   Code   RO         3542    i.HAL_TIMEx_MasterConfigSynchronization  stm32f1xx_hal_tim_ex.o
    0x080016a4   0x080016a4   0x0000005a   Code   RO         2819    i.HAL_TIM_Base_Init  stm32f1xx_hal_tim.o
    0x080016fe   0x080016fe   0x00000002   PAD
    0x08001700   0x08001700   0x0000003c   Code   RO          481    i.HAL_TIM_Base_MspInit  tim.o
    0x0800173c   0x0800173c   0x00000058   Code   RO         2824    i.HAL_TIM_Base_Start_IT  stm32f1xx_hal_tim.o
    0x08001794   0x08001794   0x000000dc   Code   RO         2828    i.HAL_TIM_ConfigClockSource  stm32f1xx_hal_tim.o
    0x08001870   0x08001870   0x00000002   Code   RO         2853    i.HAL_TIM_IC_CaptureCallback  stm32f1xx_hal_tim.o
    0x08001872   0x08001872   0x00000166   Code   RO         2867    i.HAL_TIM_IRQHandler  stm32f1xx_hal_tim.o
    0x080019d8   0x080019d8   0x000000ec   Code   RO          482    i.HAL_TIM_MspPostInit  tim.o
    0x08001ac4   0x08001ac4   0x00000002   Code   RO         2870    i.HAL_TIM_OC_DelayElapsedCallback  stm32f1xx_hal_tim.o
    0x08001ac6   0x08001ac6   0x000000cc   Code   RO         2891    i.HAL_TIM_PWM_ConfigChannel  stm32f1xx_hal_tim.o
    0x08001b92   0x08001b92   0x0000005a   Code   RO         2894    i.HAL_TIM_PWM_Init  stm32f1xx_hal_tim.o
    0x08001bec   0x08001bec   0x00000028   Code   RO          484    i.HAL_TIM_PWM_MspInit  tim.o
    0x08001c14   0x08001c14   0x00000002   Code   RO         2897    i.HAL_TIM_PWM_PulseFinishedCallback  stm32f1xx_hal_tim.o
    0x08001c16   0x08001c16   0x00000002   PAD
    0x08001c18   0x08001c18   0x00000014   Code   RO           14    i.HAL_TIM_PeriodElapsedCallback  main.o
    0x08001c2c   0x08001c2c   0x00000002   Code   RO         2910    i.HAL_TIM_TriggerCallback  stm32f1xx_hal_tim.o
    0x08001c2e   0x08001c2e   0x00000064   Code   RO         3820    i.HAL_UART_Init     stm32f1xx_hal_uart.o
    0x08001c92   0x08001c92   0x00000002   PAD
    0x08001c94   0x08001c94   0x00000070   Code   RO          553    i.HAL_UART_MspInit  usart.o
    0x08001d04   0x08001d04   0x00000002   Code   RO          639    i.HardFault_Handler  stm32f1xx_it.o
    0x08001d06   0x08001d06   0x0000002e   Code   RO         2112    i.I2C_IsAcknowledgeFailed  stm32f1xx_hal_i2c.o
    0x08001d34   0x08001d34   0x0000009c   Code   RO         2116    i.I2C_MasterRequestWrite  stm32f1xx_hal_i2c.o
    0x08001dd0   0x08001dd0   0x000000a8   Code   RO         2123    i.I2C_RequestMemoryWrite  stm32f1xx_hal_i2c.o
    0x08001e78   0x08001e78   0x00000056   Code   RO         2127    i.I2C_WaitOnBTFFlagUntilTimeout  stm32f1xx_hal_i2c.o
    0x08001ece   0x08001ece   0x00000002   PAD
    0x08001ed0   0x08001ed0   0x00000090   Code   RO         2128    i.I2C_WaitOnFlagUntilTimeout  stm32f1xx_hal_i2c.o
    0x08001f60   0x08001f60   0x000000bc   Code   RO         2129    i.I2C_WaitOnMasterAddressFlagUntilTimeout  stm32f1xx_hal_i2c.o
    0x0800201c   0x0800201c   0x00000056   Code   RO         2131    i.I2C_WaitOnTXEFlagUntilTimeout  stm32f1xx_hal_i2c.o
    0x08002072   0x08002072   0x00000002   PAD
    0x08002074   0x08002074   0x00000120   Code   RO         6838    i.IRReceiver_IRQTimes_Parse  driver_ir_receiver.o
    0x08002194   0x08002194   0x000000b8   Code   RO         6839    i.IRReceiver_IRQ_Callback  driver_ir_receiver.o
    0x0800224c   0x0800224c   0x00000004   Code   RO         6594    i.LCD_Clear         driver_lcd.o
    0x08002250   0x08002250   0x00000004   Code   RO         6596    i.LCD_Init          driver_lcd.o
    0x08002254   0x08002254   0x00000004   Code   RO         6601    i.LCD_Test          driver_lcd.o
    0x08002258   0x08002258   0x00000020   Code   RO         6275    i.Led_Control       driver_led.o
    0x08002278   0x08002278   0x00000054   Code   RO         6276    i.Led_Init          driver_led.o
    0x080022cc   0x080022cc   0x00000026   Code   RO         6277    i.Led_Test          driver_led.o
    0x080022f2   0x080022f2   0x00000002   PAD
    0x080022f4   0x080022f4   0x00000050   Code   RO          356    i.MX_ADC1_Init      adc.o
    0x08002344   0x08002344   0x00000044   Code   RO          242    i.MX_FREERTOS_Init  freertos.o
    0x08002388   0x08002388   0x00000150   Code   RO          218    i.MX_GPIO_Init      gpio.o
    0x080024d8   0x080024d8   0x00000040   Code   RO          398    i.MX_I2C1_Init      i2c.o
    0x08002518   0x08002518   0x00000048   Code   RO          440    i.MX_SPI1_Init      spi.o
    0x08002560   0x08002560   0x000000d0   Code   RO          485    i.MX_TIM1_Init      tim.o
    0x08002630   0x08002630   0x000000bc   Code   RO          486    i.MX_TIM2_Init      tim.o
    0x080026ec   0x080026ec   0x00000078   Code   RO          487    i.MX_TIM3_Init      tim.o
    0x08002764   0x08002764   0x00000038   Code   RO          554    i.MX_USART1_UART_Init  usart.o
    0x0800279c   0x0800279c   0x00000034   Code   RO          596    i.MX_USB_PCD_Init   usb.o
    0x080027d0   0x080027d0   0x00000002   Code   RO          640    i.MemManage_Handler  stm32f1xx_it.o
    0x080027d2   0x080027d2   0x00000006   Code   RO          243    i.MyTask            freertos.o
    0x080027d8   0x080027d8   0x00000002   Code   RO          641    i.NMI_Handler       stm32f1xx_it.o
    0x080027da   0x080027da   0x0000002a   Code   RO         6317    i.OLED_Clear        driver_oled.o
    0x08002804   0x08002804   0x00000094   Code   RO         6319    i.OLED_Init         driver_oled.o
    0x08002898   0x08002898   0x0000007e   Code   RO         6321    i.OLED_PrintSignedVal  driver_oled.o
    0x08002916   0x08002916   0x00000032   Code   RO         6322    i.OLED_PrintString  driver_oled.o
    0x08002948   0x08002948   0x00000048   Code   RO         6323    i.OLED_PutChar      driver_oled.o
    0x08002990   0x08002990   0x0000002c   Code   RO         6324    i.OLED_SetComConfig  driver_oled.o
    0x080029bc   0x080029bc   0x00000040   Code   RO         6325    i.OLED_SetPosition  driver_oled.o
    0x080029fc   0x080029fc   0x0000004c   Code   RO         6326    i.OLED_Test         driver_oled.o
    0x08002a48   0x08002a48   0x00000028   Code   RO         6327    i.OLED_WriteCmd     driver_oled.o
    0x08002a70   0x08002a70   0x00000020   Code   RO         6328    i.OLED_WriteNBytes  driver_oled.o
    0x08002a90   0x08002a90   0x0000002c   Code   RO         6843    i.PutKeyToBuf       driver_ir_receiver.o
    0x08002abc   0x08002abc   0x0000006c   Code   RO         7145    i.RotaryEncoder_IRQ_Callback  driver_rotary_encoder.o
    0x08002b28   0x08002b28   0x0000000e   Code   RO          244    i.StartDefaultTask  freertos.o
    0x08002b36   0x08002b36   0x00000002   PAD
    0x08002b38   0x08002b38   0x0000002c   Code   RO         6196    i.SysTick_Handler   port.o
    0x08002b64   0x08002b64   0x0000007c   Code   RO           15    i.SystemClock_Config  main.o
    0x08002be0   0x08002be0   0x00000002   Code   RO         4619    i.SystemInit        system_stm32f1xx.o
    0x08002be2   0x08002be2   0x00000002   PAD
    0x08002be4   0x08002be4   0x0000000c   Code   RO          642    i.TIM4_IRQHandler   stm32f1xx_it.o
    0x08002bf0   0x08002bf0   0x0000006c   Code   RO         2912    i.TIM_Base_SetConfig  stm32f1xx_hal_tim.o
    0x08002c5c   0x08002c5c   0x00000014   Code   RO         2923    i.TIM_ETR_SetConfig  stm32f1xx_hal_tim.o
    0x08002c70   0x08002c70   0x00000010   Code   RO         2924    i.TIM_ITRx_SetConfig  stm32f1xx_hal_tim.o
    0x08002c80   0x08002c80   0x00000050   Code   RO         2925    i.TIM_OC1_SetConfig  stm32f1xx_hal_tim.o
    0x08002cd0   0x08002cd0   0x00000058   Code   RO         2926    i.TIM_OC2_SetConfig  stm32f1xx_hal_tim.o
    0x08002d28   0x08002d28   0x00000058   Code   RO         2927    i.TIM_OC3_SetConfig  stm32f1xx_hal_tim.o
    0x08002d80   0x08002d80   0x00000044   Code   RO         2928    i.TIM_OC4_SetConfig  stm32f1xx_hal_tim.o
    0x08002dc4   0x08002dc4   0x00000022   Code   RO         2930    i.TIM_TI1_ConfigInputStage  stm32f1xx_hal_tim.o
    0x08002de6   0x08002de6   0x00000024   Code   RO         2932    i.TIM_TI2_ConfigInputStage  stm32f1xx_hal_tim.o
    0x08002e0a   0x08002e0a   0x00000002   PAD
    0x08002e0c   0x08002e0c   0x000000b8   Code   RO         3846    i.UART_SetConfig    stm32f1xx_hal_uart.o
    0x08002ec4   0x08002ec4   0x00000004   Code   RO         4435    i.USB_CoreInit      stm32f1xx_ll_usb.o
    0x08002ec8   0x08002ec8   0x00000004   Code   RO         4439    i.USB_DevDisconnect  stm32f1xx_ll_usb.o
    0x08002ecc   0x08002ecc   0x00000012   Code   RO         4440    i.USB_DevInit       stm32f1xx_ll_usb.o
    0x08002ede   0x08002ede   0x0000000e   Code   RO         4441    i.USB_DisableGlobalInt  stm32f1xx_ll_usb.o
    0x08002eec   0x08002eec   0x00000004   Code   RO         4456    i.USB_SetCurrentMode  stm32f1xx_ll_usb.o
    0x08002ef0   0x08002ef0   0x00000002   Code   RO          643    i.UsageFault_Handler  stm32f1xx_it.o
    0x08002ef2   0x08002ef2   0x00000020   Code   RO         1571    i.__NVIC_SetPriority  stm32f1xx_hal_cortex.o
    0x08002f12   0x08002f12   0x0000000e   Code   RO         7666    i.__scatterload_copy  mc_w.l(handlers.o)
    0x08002f20   0x08002f20   0x00000002   Code   RO         7667    i.__scatterload_null  mc_w.l(handlers.o)
    0x08002f22   0x08002f22   0x0000000e   Code   RO         7668    i.__scatterload_zeroinit  mc_w.l(handlers.o)
    0x08002f30   0x08002f30   0x0000000e   Code   RO         6329    i.add               driver_oled.o
    0x08002f3e   0x08002f3e   0x0000003a   Code   RO           16    i.main              main.o
    0x08002f78   0x08002f78   0x0000001a   Code   RO         6480    i.mdelay            driver_timer.o
    0x08002f92   0x08002f92   0x00000002   PAD
    0x08002f94   0x08002f94   0x00000038   Code   RO         5739    i.osKernelInitialize  cmsis_os2.o
    0x08002fcc   0x08002fcc   0x00000040   Code   RO         5742    i.osKernelStart     cmsis_os2.o
    0x0800300c   0x0800300c   0x000000a4   Code   RO         5776    i.osThreadNew       cmsis_os2.o
    0x080030b0   0x080030b0   0x0000005c   Code   RO         5221    i.prvAddCurrentTaskToDelayedList  tasks.o
    0x0800310c   0x0800310c   0x000000d0   Code   RO         5222    i.prvAddNewTaskToReadyList  tasks.o
    0x080031dc   0x080031dc   0x00000058   Code   RO         5571    i.prvCheckForValidListAndQueue  timers.o
    0x08003234   0x08003234   0x00000026   Code   RO         4824    i.prvCopyDataFromQueue  queue.o
    0x0800325a   0x0800325a   0x0000006c   Code   RO         4825    i.prvCopyDataToQueue  queue.o
    0x080032c6   0x080032c6   0x00000034   Code   RO         5223    i.prvDeleteTCB      tasks.o
    0x080032fa   0x080032fa   0x00000002   PAD
    0x080032fc   0x080032fc   0x0000004c   Code   RO         6146    i.prvHeapInit       heap_4.o
    0x08003348   0x08003348   0x00000060   Code   RO         5224    i.prvIdleTask       tasks.o
    0x080033a8   0x080033a8   0x00000022   Code   RO         4827    i.prvInitialiseNewQueue  queue.o
    0x080033ca   0x080033ca   0x0000009c   Code   RO         5225    i.prvInitialiseNewTask  tasks.o
    0x08003466   0x08003466   0x00000002   PAD
    0x08003468   0x08003468   0x0000004c   Code   RO         6147    i.prvInsertBlockIntoFreeList  heap_4.o
    0x080034b4   0x080034b4   0x00000038   Code   RO         5573    i.prvInsertTimerInActiveList  timers.o
    0x080034ec   0x080034ec   0x0000001c   Code   RO         4828    i.prvIsQueueEmpty   queue.o
    0x08003508   0x08003508   0x000000cc   Code   RO         5574    i.prvProcessReceivedCommands  timers.o
    0x080035d4   0x080035d4   0x000000b4   Code   RO         5575    i.prvProcessTimerOrBlockTask  timers.o
    0x08003688   0x08003688   0x00000020   Code   RO         5227    i.prvResetNextTaskUnblockTime  tasks.o
    0x080036a8   0x080036a8   0x00000028   Code   RO         5576    i.prvSampleTimeNow  timers.o
    0x080036d0   0x080036d0   0x0000006c   Code   RO         5577    i.prvSwitchTimerLists  timers.o
    0x0800373c   0x0800373c   0x00000028   Code   RO         6197    i.prvTaskExitError  port.o
    0x08003764   0x08003764   0x00000024   Code   RO         5578    i.prvTimerTask      timers.o
    0x08003788   0x08003788   0x0000006a   Code   RO         4829    i.prvUnlockQueue    queue.o
    0x080037f2   0x080037f2   0x00000002   PAD
    0x080037f4   0x080037f4   0x000000d8   Code   RO         6148    i.pvPortMalloc      heap_4.o
    0x080038cc   0x080038cc   0x00000024   Code   RO         6198    i.pxPortInitialiseStack  port.o
    0x080038f0   0x080038f0   0x00000044   Code   RO         6481    i.system_get_ns     driver_timer.o
    0x08003934   0x08003934   0x00000038   Code   RO         6482    i.udelay            driver_timer.o
    0x0800396c   0x0800396c   0x00000026   Code   RO         4784    i.uxListRemove      list.o
    0x08003992   0x08003992   0x00000002   PAD
    0x08003994   0x08003994   0x00000014   Code   RO         5788    i.vApplicationGetIdleTaskMemory  cmsis_os2.o
    0x080039a8   0x080039a8   0x00000018   Code   RO         5789    i.vApplicationGetTimerTaskMemory  cmsis_os2.o
    0x080039c0   0x080039c0   0x00000016   Code   RO         4785    i.vListInitialise   list.o
    0x080039d6   0x080039d6   0x00000006   Code   RO         4786    i.vListInitialiseItem  list.o
    0x080039dc   0x080039dc   0x00000030   Code   RO         4787    i.vListInsert       list.o
    0x08003a0c   0x08003a0c   0x00000018   Code   RO         4788    i.vListInsertEnd    list.o
    0x08003a24   0x08003a24   0x00000040   Code   RO         6200    i.vPortEnterCritical  port.o
    0x08003a64   0x08003a64   0x00000028   Code   RO         6201    i.vPortExitCritical  port.o
    0x08003a8c   0x08003a8c   0x0000005c   Code   RO         6149    i.vPortFree         heap_4.o
    0x08003ae8   0x08003ae8   0x00000024   Code   RO         6202    i.vPortSetupTimerInterrupt  port.o
    0x08003b0c   0x08003b0c   0x00000054   Code   RO         6203    i.vPortValidateInterruptPriority  port.o
    0x08003b60   0x08003b60   0x00000028   Code   RO         4835    i.vQueueAddToRegistry  queue.o
    0x08003b88   0x08003b88   0x00000044   Code   RO         4839    i.vQueueWaitForMessageRestricted  queue.o
    0x08003bcc   0x08003bcc   0x00000010   Code   RO         5244    i.vTaskInternalSetTimeOutState  tasks.o
    0x08003bdc   0x08003bdc   0x0000000c   Code   RO         5245    i.vTaskMissedYield  tasks.o
    0x08003be8   0x08003be8   0x00000030   Code   RO         5247    i.vTaskPlaceOnEventList  tasks.o
    0x08003c18   0x08003c18   0x00000038   Code   RO         5248    i.vTaskPlaceOnEventListRestricted  tasks.o
    0x08003c50   0x08003c50   0x00000088   Code   RO         5256    i.vTaskStartScheduler  tasks.o
    0x08003cd8   0x08003cd8   0x00000010   Code   RO         5258    i.vTaskSuspendAll   tasks.o
    0x08003ce8   0x08003ce8   0x00000064   Code   RO         5259    i.vTaskSwitchContext  tasks.o
    0x08003d4c   0x08003d4c   0x000000a8   Code   RO         6204    i.xPortStartScheduler  port.o
    0x08003df4   0x08003df4   0x00000066   Code   RO         4845    i.xQueueGenericCreateStatic  queue.o
    0x08003e5a   0x08003e5a   0x00000002   PAD
    0x08003e5c   0x08003e5c   0x00000088   Code   RO         4846    i.xQueueGenericReset  queue.o
    0x08003ee4   0x08003ee4   0x00000160   Code   RO         4847    i.xQueueGenericSend  queue.o
    0x08004044   0x08004044   0x000000bc   Code   RO         4848    i.xQueueGenericSendFromISR  queue.o
    0x08004100   0x08004100   0x00000138   Code   RO         4857    i.xQueueReceive     queue.o
    0x08004238   0x08004238   0x00000074   Code   RO         5260    i.xTaskCheckForTimeOut  tasks.o
    0x080042ac   0x080042ac   0x0000005a   Code   RO         5261    i.xTaskCreate       tasks.o
    0x08004306   0x08004306   0x00000056   Code   RO         5262    i.xTaskCreateStatic  tasks.o
    0x0800435c   0x0800435c   0x0000001c   Code   RO         5266    i.xTaskGetSchedulerState  tasks.o
    0x08004378   0x08004378   0x0000000c   Code   RO         5267    i.xTaskGetTickCount  tasks.o
    0x08004384   0x08004384   0x000000c8   Code   RO         5269    i.xTaskIncrementTick  tasks.o
    0x0800444c   0x0800444c   0x00000080   Code   RO         5272    i.xTaskPriorityDisinherit  tasks.o
    0x080044cc   0x080044cc   0x00000070   Code   RO         5274    i.xTaskRemoveFromEventList  tasks.o
    0x0800453c   0x0800453c   0x000000c4   Code   RO         5275    i.xTaskResumeAll    tasks.o
    0x08004600   0x08004600   0x00000060   Code   RO         5585    i.xTimerCreateTimerTask  timers.o
    0x08004660   0x08004660   0x00000068   Code   RO         5586    i.xTimerGenericCommand  timers.o
    0x080046c8   0x080046c8   0x00000024   Data   RO          245    .constdata          freertos.o
    0x080046ec   0x080046ec   0x00000012   Data   RO         1269    .constdata          stm32f1xx_hal_rcc.o
    0x080046fe   0x080046fe   0x00000010   Data   RO         4620    .constdata          system_stm32f1xx.o
    0x0800470e   0x0800470e   0x00000008   Data   RO         4621    .constdata          system_stm32f1xx.o
    0x08004716   0x08004716   0x00000800   Data   RO         6330    .constdata          driver_oled.o
    0x08004f16   0x08004f16   0x00000002   PAD
    0x08004f18   0x08004f18   0x0000000c   Data   RO          246    .conststring        freertos.o
    0x08004f24   0x08004f24   0x00000020   Data   RO         7664    Region$$Table       anon$$obj.o


    Execution Region RW_IRAM1 (Exec base: 0x20000000, Load base: 0x08004f44, Size: 0x00002570, Max: 0x00005000, ABSOLUTE)

    Exec Addr    Load Addr    Size         Type   Attr      Idx    E Section Name        Object

    0x20000000   0x08004f44   0x00000004   Data   RW          247    .data               freertos.o
    0x20000004   0x08004f48   0x0000000c   Data   RW         1106    .data               stm32f1xx_hal.o
    0x20000010   0x08004f54   0x00000004   Data   RW         4622    .data               system_stm32f1xx.o
    0x20000014   0x08004f58   0x0000003c   Data   RW         5278    .data               tasks.o
    0x20000050   0x08004f94   0x00000014   Data   RW         5594    .data               timers.o
    0x20000064   0x08004fa8   0x00000004   Data   RW         5791    .data               cmsis_os2.o
    0x20000068   0x08004fac   0x00000018   Data   RW         6154    .data               heap_4.o
    0x20000080   0x08004fc4   0x0000000c   Data   RW         6205    .data               port.o
    0x2000008c   0x08004fd0   0x00000008   Data   RW         6331    .data               driver_oled.o
    0x20000094   0x08004fd8   0x00000004   PAD
    0x20000098   0x08004fdc   0x00000018   Data   RW         6847    .data               driver_ir_receiver.o
    0x200000b0   0x08004ff4   0x00000018   Data   RW         7149    .data               driver_rotary_encoder.o
    0x200000c8        -       0x00000030   Zero   RW          357    .bss                adc.o
    0x200000f8        -       0x00000054   Zero   RW          399    .bss                i2c.o
    0x2000014c        -       0x00000058   Zero   RW          441    .bss                spi.o
    0x200001a4        -       0x000000d8   Zero   RW          488    .bss                tim.o
    0x2000027c        -       0x00000048   Zero   RW          555    .bss                usart.o
    0x200002c4        -       0x000002f0   Zero   RW          597    .bss                usb.o
    0x200005b4        -       0x00000048   Zero   RW          733    .bss                stm32f1xx_hal_timebase_tim.o
    0x200005fc        -       0x00000040   Zero   RW         4861    .bss                queue.o
    0x2000063c        -       0x000004c4   Zero   RW         5277    .bss                tasks.o
    0x20000b00        -       0x00000118   Zero   RW         5593    .bss                timers.o
    0x20000c18        -       0x000006b8   Zero   RW         5790    .bss                cmsis_os2.o
    0x200012d0        -       0x00000c00   Zero   RW         6153    .bss                heap_4.o
    0x20001ed0        -       0x000002a0   Zero   RW         6844    .bss                driver_ir_receiver.o
    0x20002170        -       0x00000400   Zero   RW            1    STACK               startup_stm32f103xb.o


==============================================================================

Image component sizes


      Code (inc. data)   RO Data    RW Data    ZI Data      Debug   Object Name

       168         22          0          0         48       2021   adc.o
       328         26          0          4       1720      14380   cmsis_os2.o
       516         62          0         24        672       3964   driver_ir_receiver.o
        22          0          0          0          0        629   driver_irq.o
        12          0          0          0          0       1606   driver_lcd.o
       154         16          0          0          0       2460   driver_led.o
       708         48       2048          8          0      11549   driver_oled.o
       108         12          0         24          0       2935   driver_rotary_encoder.o
       150         14          0          0          0       2782   driver_timer.o
         0          0          0          0          0      20644   event_groups.o
        88         30         48          4          0       5838   freertos.o
       336         26          0          0          0       1235   gpio.o
       460         24          0         24       3072       5239   heap_4.o
       156         26          0          0         84       2009   i2c.o
       138          0          0          0          0       3966   list.o
       206          6          0          0          0     481688   main.o
       662         70          0         12          0      11929   port.o
      1512         20          0          0         64      18316   queue.o
       184         24          0          0         88       2033   spi.o
        36          8        236          0       1024        876   startup_stm32f103xb.o
        64         14          0         12          0       5206   stm32f1xx_hal.o
       622         24          0          0          0       3680   stm32f1xx_hal_adc.o
       158         14          0          0          0      28658   stm32f1xx_hal_cortex.o
       524         40          0          0          0       4582   stm32f1xx_hal_gpio.o
      1870         48          0          0          0      12401   stm32f1xx_hal_i2c.o
        72         10          0          0          0       1058   stm32f1xx_hal_msp.o
       218          0          0          0          0       1696   stm32f1xx_hal_pcd.o
      1304         94         18          0          0       6409   stm32f1xx_hal_rcc.o
       236         12          0          0          0       1572   stm32f1xx_hal_rcc_ex.o
       178          0          0          0          0       1419   stm32f1xx_hal_spi.o
      1596         46          0          0          0      16016   stm32f1xx_hal_tim.o
       192         12          0          0          0       3669   stm32f1xx_hal_tim_ex.o
       152         20          0          0         72       1763   stm32f1xx_hal_timebase_tim.o
       284          6          0          0          0       2216   stm32f1xx_hal_uart.o
        54          6          0          0          0       4270   stm32f1xx_it.o
        44          0          0          0          0       3904   stm32f1xx_ll_usb.o
         0          0          0          0          0       8988   stream_buffer.o
         2          0         24          4          0       1403   system_stm32f1xx.o
      1988        160          0         60       1220      24743   tasks.o
       852         68          0          0        216       5300   tim.o
       912         82          0         20        280      27411   timers.o
       168         20          0          0         72       2062   usart.o
        92         20          0          0        752       1902   usb.o

    ----------------------------------------------------------------------
     17566       1130       2408        200       9384     766427   Object Totals
         0          0         32          0          0          0   (incl. Generated)
        40          0          2          4          0          0   (incl. Padding)

    ----------------------------------------------------------------------

      Code (inc. data)   RO Data    RW Data    ZI Data      Debug   Library Member Name

         0          0          0          0          0          0   entry.o
         0          0          0          0          0          0   entry10a.o
         0          0          0          0          0          0   entry11a.o
         8          4          0          0          0          0   entry2.o
         4          0          0          0          0          0   entry5.o
         0          0          0          0          0          0   entry7b.o
         0          0          0          0          0          0   entry8b.o
         8          4          0          0          0          0   entry9a.o
        30          0          0          0          0          0   handlers.o
        36          8          0          0          0         68   init.o
        30          0          0          0          0         68   llshl.o
        32          0          0          0          0         68   llushr.o
        36          0          0          0          0         68   memcpya.o
        36          0          0          0          0        108   memseta.o
        98          0          0          0          0         92   uldiv.o

    ----------------------------------------------------------------------
       318         16          0          0          0        472   Library Totals
         0          0          0          0          0          0   (incl. Padding)

    ----------------------------------------------------------------------

      Code (inc. data)   RO Data    RW Data    ZI Data      Debug   Library Name

       318         16          0          0          0        472   mc_w.l

    ----------------------------------------------------------------------
       318         16          0          0          0        472   Library Totals

    ----------------------------------------------------------------------

==============================================================================


      Code (inc. data)   RO Data    RW Data    ZI Data      Debug   

     17884       1146       2408        200       9384     757327   Grand Totals
     17884       1146       2408        200       9384     757327   ELF Image Totals
     17884       1146       2408        200          0          0   ROM Totals

==============================================================================

    Total RO  Size (Code + RO Data)                20292 (  19.82kB)
    Total RW  Size (RW Data + ZI Data)              9584 (   9.36kB)
    Total ROM Size (Code + RO Data + RW Data)      20492 (  20.01kB)

==============================================================================

